running egg_info
writing ../build/base_motor_control/base_motor_control.egg-info/PKG-INFO
writing dependency_links to ../build/base_motor_control/base_motor_control.egg-info/dependency_links.txt
writing entry points to ../build/base_motor_control/base_motor_control.egg-info/entry_points.txt
writing requirements to ../build/base_motor_control/base_motor_control.egg-info/requires.txt
writing top-level names to ../build/base_motor_control/base_motor_control.egg-info/top_level.txt
reading manifest file '../build/base_motor_control/base_motor_control.egg-info/SOURCES.txt'
writing manifest file '../build/base_motor_control/base_motor_control.egg-info/SOURCES.txt'
running build
running build_py
copying base_motor_control/commander.py -> /home/robotarm/Robot-Arm-RPi/build/base_motor_control/build/lib/base_motor_control
running install
running install_lib
copying /home/robotarm/Robot-Arm-RPi/build/base_motor_control/build/lib/base_motor_control/commander.py -> /home/robotarm/Robot-Arm-RPi/install/base_motor_control/lib/python3.10/site-packages/base_motor_control
byte-compiling /home/robotarm/Robot-Arm-RPi/install/base_motor_control/lib/python3.10/site-packages/base_motor_control/commander.py to commander.cpython-310.pyc
running install_data
running install_egg_info
removing '/home/robotarm/Robot-Arm-RPi/install/base_motor_control/lib/python3.10/site-packages/base_motor_control-0.0.0-py3.10.egg-info' (and everything under it)
Copying ../build/base_motor_control/base_motor_control.egg-info to /home/robotarm/Robot-Arm-RPi/install/base_motor_control/lib/python3.10/site-packages/base_motor_control-0.0.0-py3.10.egg-info
running install_scripts
Installing commander script to /home/robotarm/Robot-Arm-RPi/install/base_motor_control/lib/base_motor_control
writing list of installed files to '/home/robotarm/Robot-Arm-RPi/build/base_motor_control/install.log'
