[2.605s] Invoking command in '/home/robotarm/Robot-Arm-RPi/dual_motor_control': PYTHONPATH=/home/robotarm/Robot-Arm-RPi/build/dual_motor_control/prefix_override:/usr/lib/python3/dist-packages/colcon_core/task/python/colcon_distutils_commands:/home/robotarm/Robot-Arm-RPi/install/dual_motor_control/lib/python3.10/site-packages:${PYTHONPATH} /usr/bin/python3 -W ignore:setup.py install is deprecated -W ignore:easy_install command is deprecated setup.py egg_info --egg-base ../build/dual_motor_control build --build-base /home/robotarm/Robot-Arm-RPi/build/dual_motor_control/build install --record /home/robotarm/Robot-Arm-RPi/build/dual_motor_control/install.log --single-version-externally-managed install_data
[3.592s] running egg_info
[3.594s] writing ../build/dual_motor_control/dual_motor_control.egg-info/PKG-INFO
[3.595s] writing dependency_links to ../build/dual_motor_control/dual_motor_control.egg-info/dependency_links.txt
[3.596s] writing entry points to ../build/dual_motor_control/dual_motor_control.egg-info/entry_points.txt
[3.597s] writing requirements to ../build/dual_motor_control/dual_motor_control.egg-info/requires.txt
[3.598s] writing top-level names to ../build/dual_motor_control/dual_motor_control.egg-info/top_level.txt
[3.606s] reading manifest file '../build/dual_motor_control/dual_motor_control.egg-info/SOURCES.txt'
[3.610s] writing manifest file '../build/dual_motor_control/dual_motor_control.egg-info/SOURCES.txt'
[3.610s] running build
[3.611s] running build_py
[3.612s] running install
[3.613s] running install_lib
[3.619s] running install_data
[3.620s] running install_egg_info
[3.627s] removing '/home/robotarm/Robot-Arm-RPi/install/dual_motor_control/lib/python3.10/site-packages/dual_motor_control-0.0.1-py3.10.egg-info' (and everything under it)
[3.629s] Copying ../build/dual_motor_control/dual_motor_control.egg-info to /home/robotarm/Robot-Arm-RPi/install/dual_motor_control/lib/python3.10/site-packages/dual_motor_control-0.0.1-py3.10.egg-info
[3.635s] running install_scripts
[3.716s] Installing commander script to /home/robotarm/Robot-Arm-RPi/install/dual_motor_control/lib/dual_motor_control
[3.717s] writing list of installed files to '/home/robotarm/Robot-Arm-RPi/build/dual_motor_control/install.log'
[3.836s] Invoked command in '/home/robotarm/Robot-Arm-RPi/dual_motor_control' returned '0': PYTHONPATH=/home/robotarm/Robot-Arm-RPi/build/dual_motor_control/prefix_override:/usr/lib/python3/dist-packages/colcon_core/task/python/colcon_distutils_commands:/home/robotarm/Robot-Arm-RPi/install/dual_motor_control/lib/python3.10/site-packages:${PYTHONPATH} /usr/bin/python3 -W ignore:setup.py install is deprecated -W ignore:easy_install command is deprecated setup.py egg_info --egg-base ../build/dual_motor_control build --build-base /home/robotarm/Robot-Arm-RPi/build/dual_motor_control/build install --record /home/robotarm/Robot-Arm-RPi/build/dual_motor_control/install.log --single-version-externally-managed install_data
