[0.557s] DEBUG:colcon:Command line arguments: ['/usr/bin/colcon', 'build', '--packages-select', 'dual_motor_control']
[0.557s] DEBUG:colcon:Parsed command line arguments: Namespace(log_base=None, log_level=None, verb_name='build', build_base='build', install_base='install', merge_install=False, symlink_install=False, test_result_base=None, continue_on_error=False, executor='parallel', parallel_workers=4, event_handlers=None, ignore_user_meta=False, metas=['./colcon.meta'], base_paths=['.'], packages_ignore=None, packages_ignore_regex=None, paths=None, packages_up_to=None, packages_up_to_regex=None, packages_above=None, packages_above_and_dependencies=None, packages_above_depth=None, packages_select_by_dep=None, packages_skip_by_dep=None, packages_skip_up_to=None, packages_select_build_failed=False, packages_skip_build_finished=False, packages_select_test_failures=False, packages_skip_test_passed=False, packages_select=['dual_motor_control'], packages_skip=None, packages_select_regex=None, packages_skip_regex=None, packages_start=None, packages_end=None, allow_overriding=[], cmake_args=None, cmake_target=None, cmake_target_skip_unavailable=False, cmake_clean_cache=False, cmake_clean_first=False, cmake_force_configure=False, ament_cmake_args=None, catkin_cmake_args=None, catkin_skip_building_tests=False, verb_parser=<colcon_defaults.argument_parser.defaults.DefaultArgumentsDecorator object at 0xffff8ff17970>, verb_extension=<colcon_core.verb.build.BuildVerb object at 0xffff9004ce80>, main=<bound method BuildVerb.main of <colcon_core.verb.build.BuildVerb object at 0xffff9004ce80>>)
[1.503s] Level 1:colcon.colcon_core.package_discovery:discover_packages(colcon_meta) check parameters
[1.503s] Level 1:colcon.colcon_core.package_discovery:discover_packages(recursive) check parameters
[1.504s] Level 1:colcon.colcon_core.package_discovery:discover_packages(ignore) check parameters
[1.504s] Level 1:colcon.colcon_core.package_discovery:discover_packages(path) check parameters
[1.504s] Level 1:colcon.colcon_core.package_discovery:discover_packages(colcon_meta) discover
[1.504s] Level 1:colcon.colcon_core.package_discovery:discover_packages(recursive) discover
[1.505s] INFO:colcon.colcon_core.package_discovery:Crawling recursively for packages in '/home/robotarm/Robot-Arm-RPi'
[1.505s] Level 1:colcon.colcon_core.package_identification:_identify(.) by extensions ['ignore', 'ignore_ament_install']
[1.506s] Level 1:colcon.colcon_core.package_identification:_identify(.) by extension 'ignore'
[1.506s] Level 1:colcon.colcon_core.package_identification:_identify(.) by extension 'ignore_ament_install'
[1.506s] Level 1:colcon.colcon_core.package_identification:_identify(.) by extensions ['colcon_pkg']
[1.507s] Level 1:colcon.colcon_core.package_identification:_identify(.) by extension 'colcon_pkg'
[1.507s] Level 1:colcon.colcon_core.package_identification:_identify(.) by extensions ['colcon_meta']
[1.507s] Level 1:colcon.colcon_core.package_identification:_identify(.) by extension 'colcon_meta'
[1.507s] Level 1:colcon.colcon_core.package_identification:_identify(.) by extensions ['ros']
[1.507s] Level 1:colcon.colcon_core.package_identification:_identify(.) by extension 'ros'
[1.558s] Level 1:colcon.colcon_core.package_identification:_identify(.) by extensions ['cmake', 'python']
[1.558s] Level 1:colcon.colcon_core.package_identification:_identify(.) by extension 'cmake'
[1.558s] Level 1:colcon.colcon_core.package_identification:_identify(.) by extension 'python'
[1.558s] Level 1:colcon.colcon_core.package_identification:_identify(.) by extensions ['python_setup_py']
[1.558s] Level 1:colcon.colcon_core.package_identification:_identify(.) by extension 'python_setup_py'
[1.559s] Level 1:colcon.colcon_core.package_identification:_identify(base_motor_control) by extensions ['ignore', 'ignore_ament_install']
[1.559s] Level 1:colcon.colcon_core.package_identification:_identify(base_motor_control) by extension 'ignore'
[1.560s] Level 1:colcon.colcon_core.package_identification:_identify(base_motor_control) by extension 'ignore_ament_install'
[1.560s] Level 1:colcon.colcon_core.package_identification:_identify(base_motor_control) by extensions ['colcon_pkg']
[1.560s] Level 1:colcon.colcon_core.package_identification:_identify(base_motor_control) by extension 'colcon_pkg'
[1.560s] Level 1:colcon.colcon_core.package_identification:_identify(base_motor_control) by extensions ['colcon_meta']
[1.561s] Level 1:colcon.colcon_core.package_identification:_identify(base_motor_control) by extension 'colcon_meta'
[1.561s] Level 1:colcon.colcon_core.package_identification:_identify(base_motor_control) by extensions ['ros']
[1.561s] Level 1:colcon.colcon_core.package_identification:_identify(base_motor_control) by extension 'ros'
[1.573s] DEBUG:colcon.colcon_core.package_identification:Package 'base_motor_control' with type 'ros.ament_python' and name 'base_motor_control'
[1.574s] Level 1:colcon.colcon_core.package_identification:_identify(build) by extensions ['ignore', 'ignore_ament_install']
[1.575s] Level 1:colcon.colcon_core.package_identification:_identify(build) by extension 'ignore'
[1.575s] Level 1:colcon.colcon_core.package_identification:_identify(build) ignored
[1.575s] Level 1:colcon.colcon_core.package_identification:_identify(dual_motor_control) by extensions ['ignore', 'ignore_ament_install']
[1.576s] Level 1:colcon.colcon_core.package_identification:_identify(dual_motor_control) by extension 'ignore'
[1.576s] Level 1:colcon.colcon_core.package_identification:_identify(dual_motor_control) by extension 'ignore_ament_install'
[1.576s] Level 1:colcon.colcon_core.package_identification:_identify(dual_motor_control) by extensions ['colcon_pkg']
[1.576s] Level 1:colcon.colcon_core.package_identification:_identify(dual_motor_control) by extension 'colcon_pkg'
[1.577s] Level 1:colcon.colcon_core.package_identification:_identify(dual_motor_control) by extensions ['colcon_meta']
[1.577s] Level 1:colcon.colcon_core.package_identification:_identify(dual_motor_control) by extension 'colcon_meta'
[1.577s] Level 1:colcon.colcon_core.package_identification:_identify(dual_motor_control) by extensions ['ros']
[1.577s] Level 1:colcon.colcon_core.package_identification:_identify(dual_motor_control) by extension 'ros'
[1.580s] DEBUG:colcon.colcon_core.package_identification:Package 'dual_motor_control' with type 'ros.ament_python' and name 'dual_motor_control'
[1.581s] Level 1:colcon.colcon_core.package_identification:_identify(install) by extensions ['ignore', 'ignore_ament_install']
[1.582s] Level 1:colcon.colcon_core.package_identification:_identify(install) by extension 'ignore'
[1.582s] Level 1:colcon.colcon_core.package_identification:_identify(install) ignored
[1.582s] Level 1:colcon.colcon_core.package_identification:_identify(log) by extensions ['ignore', 'ignore_ament_install']
[1.583s] Level 1:colcon.colcon_core.package_identification:_identify(log) by extension 'ignore'
[1.583s] Level 1:colcon.colcon_core.package_identification:_identify(log) ignored
[1.583s] Level 1:colcon.colcon_core.package_identification:_identify(simple_trajectory) by extensions ['ignore', 'ignore_ament_install']
[1.584s] Level 1:colcon.colcon_core.package_identification:_identify(simple_trajectory) by extension 'ignore'
[1.584s] Level 1:colcon.colcon_core.package_identification:_identify(simple_trajectory) by extension 'ignore_ament_install'
[1.584s] Level 1:colcon.colcon_core.package_identification:_identify(simple_trajectory) by extensions ['colcon_pkg']
[1.584s] Level 1:colcon.colcon_core.package_identification:_identify(simple_trajectory) by extension 'colcon_pkg'
[1.585s] Level 1:colcon.colcon_core.package_identification:_identify(simple_trajectory) by extensions ['colcon_meta']
[1.585s] Level 1:colcon.colcon_core.package_identification:_identify(simple_trajectory) by extension 'colcon_meta'
[1.585s] Level 1:colcon.colcon_core.package_identification:_identify(simple_trajectory) by extensions ['ros']
[1.585s] Level 1:colcon.colcon_core.package_identification:_identify(simple_trajectory) by extension 'ros'
[1.588s] DEBUG:colcon.colcon_core.package_identification:Package 'simple_trajectory' with type 'ros.ament_python' and name 'simple_trajectory'
[1.589s] Level 1:colcon.colcon_core.package_discovery:discover_packages(recursive) using defaults
[1.589s] Level 1:colcon.colcon_core.package_discovery:discover_packages(ignore) discover
[1.590s] Level 1:colcon.colcon_core.package_discovery:discover_packages(ignore) using defaults
[1.590s] Level 1:colcon.colcon_core.package_discovery:discover_packages(path) discover
[1.590s] Level 1:colcon.colcon_core.package_discovery:discover_packages(path) using defaults
[1.691s] INFO:colcon.colcon_core.package_selection:Skipping not selected package 'base_motor_control' in 'base_motor_control'
[1.691s] INFO:colcon.colcon_core.package_selection:Skipping not selected package 'simple_trajectory' in 'simple_trajectory'
[1.693s] Level 1:colcon.colcon_core.package_discovery:discover_packages(prefix_path) check parameters
[1.694s] Level 1:colcon.colcon_core.package_discovery:discover_packages(prefix_path) discover
[1.709s] DEBUG:colcon.colcon_installed_package_information.package_discovery:Found 2 installed packages in /home/robotarm/Robot-Arm-RPi/install
[1.711s] DEBUG:colcon.colcon_installed_package_information.package_discovery:Found 2 installed packages in /home/robotarm/install
[1.715s] DEBUG:colcon.colcon_installed_package_information.package_discovery:Found 3 installed packages in /home/robotarm/microros_ws/install
[1.722s] DEBUG:colcon.colcon_installed_package_information.package_discovery:Found 187 installed packages in /opt/ros/humble
[1.727s] Level 1:colcon.colcon_core.package_discovery:discover_packages(prefix_path) using defaults
[1.904s] Level 5:colcon.colcon_core.verb:set package 'dual_motor_control' build argument 'cmake_args' from command line to 'None'
[1.904s] Level 5:colcon.colcon_core.verb:set package 'dual_motor_control' build argument 'cmake_target' from command line to 'None'
[1.904s] Level 5:colcon.colcon_core.verb:set package 'dual_motor_control' build argument 'cmake_target_skip_unavailable' from command line to 'False'
[1.904s] Level 5:colcon.colcon_core.verb:set package 'dual_motor_control' build argument 'cmake_clean_cache' from command line to 'False'
[1.904s] Level 5:colcon.colcon_core.verb:set package 'dual_motor_control' build argument 'cmake_clean_first' from command line to 'False'
[1.904s] Level 5:colcon.colcon_core.verb:set package 'dual_motor_control' build argument 'cmake_force_configure' from command line to 'False'
[1.904s] Level 5:colcon.colcon_core.verb:set package 'dual_motor_control' build argument 'ament_cmake_args' from command line to 'None'
[1.905s] Level 5:colcon.colcon_core.verb:set package 'dual_motor_control' build argument 'catkin_cmake_args' from command line to 'None'
[1.905s] Level 5:colcon.colcon_core.verb:set package 'dual_motor_control' build argument 'catkin_skip_building_tests' from command line to 'False'
[1.905s] DEBUG:colcon.colcon_core.verb:Building package 'dual_motor_control' with the following arguments: {'ament_cmake_args': None, 'build_base': '/home/robotarm/Robot-Arm-RPi/build/dual_motor_control', 'catkin_cmake_args': None, 'catkin_skip_building_tests': False, 'cmake_args': None, 'cmake_clean_cache': False, 'cmake_clean_first': False, 'cmake_force_configure': False, 'cmake_target': None, 'cmake_target_skip_unavailable': False, 'install_base': '/home/robotarm/Robot-Arm-RPi/install/dual_motor_control', 'merge_install': False, 'path': '/home/robotarm/Robot-Arm-RPi/dual_motor_control', 'symlink_install': False, 'test_result_base': None}
[1.905s] INFO:colcon.colcon_core.executor:Executing jobs using 'parallel' executor
[1.909s] DEBUG:colcon.colcon_parallel_executor.executor.parallel:run_until_complete
[1.910s] INFO:colcon.colcon_ros.task.ament_python.build:Building ROS package in '/home/robotarm/Robot-Arm-RPi/dual_motor_control' with build type 'ament_python'
[1.911s] Level 1:colcon.colcon_core.shell:create_environment_hook('dual_motor_control', 'ament_prefix_path')
[1.927s] INFO:colcon.colcon_core.plugin_system:Skipping extension 'colcon_core.shell.bat': Not used on non-Windows systems
[1.928s] INFO:colcon.colcon_core.shell:Creating environment hook '/home/robotarm/Robot-Arm-RPi/install/dual_motor_control/share/dual_motor_control/hook/ament_prefix_path.ps1'
[1.932s] INFO:colcon.colcon_core.shell:Creating environment descriptor '/home/robotarm/Robot-Arm-RPi/install/dual_motor_control/share/dual_motor_control/hook/ament_prefix_path.dsv'
[1.935s] INFO:colcon.colcon_core.shell:Creating environment hook '/home/robotarm/Robot-Arm-RPi/install/dual_motor_control/share/dual_motor_control/hook/ament_prefix_path.sh'
[1.939s] INFO:colcon.colcon_core.shell:Skip shell extension 'powershell' for command environment: Not usable outside of PowerShell
[1.939s] DEBUG:colcon.colcon_core.shell:Skip shell extension 'dsv' for command environment
[3.081s] INFO:colcon.colcon_core.task.python.build:Building Python package in '/home/robotarm/Robot-Arm-RPi/dual_motor_control'
[3.082s] INFO:colcon.colcon_core.shell:Skip shell extension 'powershell' for command environment: Not usable outside of PowerShell
[3.082s] DEBUG:colcon.colcon_core.shell:Skip shell extension 'dsv' for command environment
[5.065s] DEBUG:colcon.colcon_core.event_handler.log_command:Invoking command in '/home/robotarm/Robot-Arm-RPi/dual_motor_control': PYTHONPATH=/home/robotarm/Robot-Arm-RPi/build/dual_motor_control/prefix_override:/usr/lib/python3/dist-packages/colcon_core/task/python/colcon_distutils_commands:/home/robotarm/Robot-Arm-RPi/install/dual_motor_control/lib/python3.10/site-packages:${PYTHONPATH} /usr/bin/python3 -W ignore:setup.py install is deprecated -W ignore:easy_install command is deprecated setup.py egg_info --egg-base ../build/dual_motor_control build --build-base /home/robotarm/Robot-Arm-RPi/build/dual_motor_control/build install --record /home/robotarm/Robot-Arm-RPi/build/dual_motor_control/install.log --single-version-externally-managed install_data
[6.340s] DEBUG:colcon.colcon_core.event_handler.log_command:Invoked command in '/home/robotarm/Robot-Arm-RPi/dual_motor_control' returned '0': PYTHONPATH=/home/robotarm/Robot-Arm-RPi/build/dual_motor_control/prefix_override:/usr/lib/python3/dist-packages/colcon_core/task/python/colcon_distutils_commands:/home/robotarm/Robot-Arm-RPi/install/dual_motor_control/lib/python3.10/site-packages:${PYTHONPATH} /usr/bin/python3 -W ignore:setup.py install is deprecated -W ignore:easy_install command is deprecated setup.py egg_info --egg-base ../build/dual_motor_control build --build-base /home/robotarm/Robot-Arm-RPi/build/dual_motor_control/build install --record /home/robotarm/Robot-Arm-RPi/build/dual_motor_control/install.log --single-version-externally-managed install_data
[6.364s] Level 1:colcon.colcon_core.environment:checking '/home/robotarm/Robot-Arm-RPi/install/dual_motor_control' for CMake module files
[6.367s] Level 1:colcon.colcon_core.environment:checking '/home/robotarm/Robot-Arm-RPi/install/dual_motor_control' for CMake config files
[6.371s] Level 1:colcon.colcon_core.environment:checking '/home/robotarm/Robot-Arm-RPi/install/dual_motor_control/lib'
[6.372s] Level 1:colcon.colcon_core.environment:checking '/home/robotarm/Robot-Arm-RPi/install/dual_motor_control/bin'
[6.372s] Level 1:colcon.colcon_core.environment:checking '/home/robotarm/Robot-Arm-RPi/install/dual_motor_control/lib/pkgconfig/dual_motor_control.pc'
[6.373s] Level 1:colcon.colcon_core.environment:checking '/home/robotarm/Robot-Arm-RPi/install/dual_motor_control/lib/python3.10/site-packages'
[6.373s] Level 1:colcon.colcon_core.shell:create_environment_hook('dual_motor_control', 'pythonpath')
[6.374s] INFO:colcon.colcon_core.shell:Creating environment hook '/home/robotarm/Robot-Arm-RPi/install/dual_motor_control/share/dual_motor_control/hook/pythonpath.ps1'
[6.376s] INFO:colcon.colcon_core.shell:Creating environment descriptor '/home/robotarm/Robot-Arm-RPi/install/dual_motor_control/share/dual_motor_control/hook/pythonpath.dsv'
[6.378s] INFO:colcon.colcon_core.shell:Creating environment hook '/home/robotarm/Robot-Arm-RPi/install/dual_motor_control/share/dual_motor_control/hook/pythonpath.sh'
[6.381s] Level 1:colcon.colcon_core.environment:checking '/home/robotarm/Robot-Arm-RPi/install/dual_motor_control/bin'
[6.381s] Level 1:colcon.colcon_core.environment:create_environment_scripts_only(dual_motor_control)
[6.383s] INFO:colcon.colcon_core.shell:Creating package script '/home/robotarm/Robot-Arm-RPi/install/dual_motor_control/share/dual_motor_control/package.ps1'
[6.387s] INFO:colcon.colcon_core.shell:Creating package descriptor '/home/robotarm/Robot-Arm-RPi/install/dual_motor_control/share/dual_motor_control/package.dsv'
[6.390s] INFO:colcon.colcon_core.shell:Creating package script '/home/robotarm/Robot-Arm-RPi/install/dual_motor_control/share/dual_motor_control/package.sh'
[6.393s] INFO:colcon.colcon_core.shell:Creating package script '/home/robotarm/Robot-Arm-RPi/install/dual_motor_control/share/dual_motor_control/package.bash'
[6.397s] INFO:colcon.colcon_core.shell:Creating package script '/home/robotarm/Robot-Arm-RPi/install/dual_motor_control/share/dual_motor_control/package.zsh'
[6.401s] Level 1:colcon.colcon_core.environment:create_file_with_runtime_dependencies(/home/robotarm/Robot-Arm-RPi/install/dual_motor_control/share/colcon-core/packages/dual_motor_control)
[6.402s] DEBUG:colcon.colcon_parallel_executor.executor.parallel:closing loop
[6.403s] DEBUG:colcon.colcon_parallel_executor.executor.parallel:loop closed
[6.404s] DEBUG:colcon.colcon_parallel_executor.executor.parallel:run_until_complete finished with '0'
[6.404s] DEBUG:colcon.colcon_core.event_reactor:joining thread
[6.433s] INFO:colcon.colcon_core.plugin_system:Skipping extension 'colcon_notification.desktop_notification.notify_send': Could not find 'notify-send'
[6.433s] INFO:colcon.colcon_core.plugin_system:Skipping extension 'colcon_notification.desktop_notification.terminal_notifier': Not used on non-Darwin systems
[6.434s] INFO:colcon.colcon_core.plugin_system:Skipping extension 'colcon_notification.desktop_notification.win32': Not used on non-Windows systems
[6.434s] INFO:colcon.colcon_notification.desktop_notification:Sending desktop notification using 'notify2'
[6.438s] DEBUG:colcon.colcon_notification.desktop_notification.notify2:Failed to initialize notify2: org.freedesktop.DBus.Error.ServiceUnknown: The name org.freedesktop.Notifications was not provided by any .service files
[6.438s] DEBUG:colcon.colcon_core.event_reactor:joined thread
[6.439s] INFO:colcon.colcon_core.shell:Creating prefix script '/home/robotarm/Robot-Arm-RPi/install/local_setup.ps1'
[6.444s] INFO:colcon.colcon_core.shell:Creating prefix util module '/home/robotarm/Robot-Arm-RPi/install/_local_setup_util_ps1.py'
[6.455s] INFO:colcon.colcon_core.shell:Creating prefix chain script '/home/robotarm/Robot-Arm-RPi/install/setup.ps1'
[6.464s] INFO:colcon.colcon_core.shell:Creating prefix script '/home/robotarm/Robot-Arm-RPi/install/local_setup.sh'
[6.471s] INFO:colcon.colcon_core.shell:Creating prefix util module '/home/robotarm/Robot-Arm-RPi/install/_local_setup_util_sh.py'
[6.475s] INFO:colcon.colcon_core.shell:Creating prefix chain script '/home/robotarm/Robot-Arm-RPi/install/setup.sh'
[6.483s] INFO:colcon.colcon_core.shell:Creating prefix script '/home/robotarm/Robot-Arm-RPi/install/local_setup.bash'
[6.489s] INFO:colcon.colcon_core.shell:Creating prefix chain script '/home/robotarm/Robot-Arm-RPi/install/setup.bash'
[6.496s] INFO:colcon.colcon_core.shell:Creating prefix script '/home/robotarm/Robot-Arm-RPi/install/local_setup.zsh'
[6.499s] INFO:colcon.colcon_core.shell:Creating prefix chain script '/home/robotarm/Robot-Arm-RPi/install/setup.zsh'
