[0.442s] DEBUG:colcon:Command line arguments: ['/usr/bin/colcon', 'build', '--packages-select', 'dual_motor_control']
[0.443s] DEBUG:colcon:Parsed command line arguments: Namespace(log_base=None, log_level=None, verb_name='build', build_base='build', install_base='install', merge_install=False, symlink_install=False, test_result_base=None, continue_on_error=False, executor='parallel', parallel_workers=4, event_handlers=None, ignore_user_meta=False, metas=['./colcon.meta'], base_paths=['.'], packages_ignore=None, packages_ignore_regex=None, paths=None, packages_up_to=None, packages_up_to_regex=None, packages_above=None, packages_above_and_dependencies=None, packages_above_depth=None, packages_select_by_dep=None, packages_skip_by_dep=None, packages_skip_up_to=None, packages_select_build_failed=False, packages_skip_build_finished=False, packages_select_test_failures=False, packages_skip_test_passed=False, packages_select=['dual_motor_control'], packages_skip=None, packages_select_regex=None, packages_skip_regex=None, packages_start=None, packages_end=None, allow_overriding=[], cmake_args=None, cmake_target=None, cmake_target_skip_unavailable=False, cmake_clean_cache=False, cmake_clean_first=False, cmake_force_configure=False, ament_cmake_args=None, catkin_cmake_args=None, catkin_skip_building_tests=False, verb_parser=<colcon_defaults.argument_parser.defaults.DefaultArgumentsDecorator object at 0xffff81477b50>, verb_extension=<colcon_core.verb.build.BuildVerb object at 0xffff815ad060>, main=<bound method BuildVerb.main of <colcon_core.verb.build.BuildVerb object at 0xffff815ad060>>)
[1.120s] Level 1:colcon.colcon_core.package_discovery:discover_packages(colcon_meta) check parameters
[1.121s] Level 1:colcon.colcon_core.package_discovery:discover_packages(recursive) check parameters
[1.121s] Level 1:colcon.colcon_core.package_discovery:discover_packages(ignore) check parameters
[1.121s] Level 1:colcon.colcon_core.package_discovery:discover_packages(path) check parameters
[1.121s] Level 1:colcon.colcon_core.package_discovery:discover_packages(colcon_meta) discover
[1.121s] Level 1:colcon.colcon_core.package_discovery:discover_packages(recursive) discover
[1.122s] INFO:colcon.colcon_core.package_discovery:Crawling recursively for packages in '/home/robotarm/Robot-Arm-RPi'
[1.122s] Level 1:colcon.colcon_core.package_identification:_identify(.) by extensions ['ignore', 'ignore_ament_install']
[1.122s] Level 1:colcon.colcon_core.package_identification:_identify(.) by extension 'ignore'
[1.123s] Level 1:colcon.colcon_core.package_identification:_identify(.) by extension 'ignore_ament_install'
[1.123s] Level 1:colcon.colcon_core.package_identification:_identify(.) by extensions ['colcon_pkg']
[1.123s] Level 1:colcon.colcon_core.package_identification:_identify(.) by extension 'colcon_pkg'
[1.123s] Level 1:colcon.colcon_core.package_identification:_identify(.) by extensions ['colcon_meta']
[1.124s] Level 1:colcon.colcon_core.package_identification:_identify(.) by extension 'colcon_meta'
[1.124s] Level 1:colcon.colcon_core.package_identification:_identify(.) by extensions ['ros']
[1.124s] Level 1:colcon.colcon_core.package_identification:_identify(.) by extension 'ros'
[1.174s] Level 1:colcon.colcon_core.package_identification:_identify(.) by extensions ['cmake', 'python']
[1.174s] Level 1:colcon.colcon_core.package_identification:_identify(.) by extension 'cmake'
[1.175s] Level 1:colcon.colcon_core.package_identification:_identify(.) by extension 'python'
[1.175s] Level 1:colcon.colcon_core.package_identification:_identify(.) by extensions ['python_setup_py']
[1.175s] Level 1:colcon.colcon_core.package_identification:_identify(.) by extension 'python_setup_py'
[1.176s] Level 1:colcon.colcon_core.package_identification:_identify(base_motor_control) by extensions ['ignore', 'ignore_ament_install']
[1.176s] Level 1:colcon.colcon_core.package_identification:_identify(base_motor_control) by extension 'ignore'
[1.176s] Level 1:colcon.colcon_core.package_identification:_identify(base_motor_control) by extension 'ignore_ament_install'
[1.177s] Level 1:colcon.colcon_core.package_identification:_identify(base_motor_control) by extensions ['colcon_pkg']
[1.177s] Level 1:colcon.colcon_core.package_identification:_identify(base_motor_control) by extension 'colcon_pkg'
[1.177s] Level 1:colcon.colcon_core.package_identification:_identify(base_motor_control) by extensions ['colcon_meta']
[1.177s] Level 1:colcon.colcon_core.package_identification:_identify(base_motor_control) by extension 'colcon_meta'
[1.177s] Level 1:colcon.colcon_core.package_identification:_identify(base_motor_control) by extensions ['ros']
[1.178s] Level 1:colcon.colcon_core.package_identification:_identify(base_motor_control) by extension 'ros'
[1.186s] DEBUG:colcon.colcon_core.package_identification:Package 'base_motor_control' with type 'ros.ament_python' and name 'base_motor_control'
[1.187s] Level 1:colcon.colcon_core.package_identification:_identify(build) by extensions ['ignore', 'ignore_ament_install']
[1.187s] Level 1:colcon.colcon_core.package_identification:_identify(build) by extension 'ignore'
[1.188s] Level 1:colcon.colcon_core.package_identification:_identify(build) ignored
[1.188s] Level 1:colcon.colcon_core.package_identification:_identify(dual_motor_control) by extensions ['ignore', 'ignore_ament_install']
[1.189s] Level 1:colcon.colcon_core.package_identification:_identify(dual_motor_control) by extension 'ignore'
[1.189s] Level 1:colcon.colcon_core.package_identification:_identify(dual_motor_control) by extension 'ignore_ament_install'
[1.189s] Level 1:colcon.colcon_core.package_identification:_identify(dual_motor_control) by extensions ['colcon_pkg']
[1.189s] Level 1:colcon.colcon_core.package_identification:_identify(dual_motor_control) by extension 'colcon_pkg'
[1.189s] Level 1:colcon.colcon_core.package_identification:_identify(dual_motor_control) by extensions ['colcon_meta']
[1.189s] Level 1:colcon.colcon_core.package_identification:_identify(dual_motor_control) by extension 'colcon_meta'
[1.190s] Level 1:colcon.colcon_core.package_identification:_identify(dual_motor_control) by extensions ['ros']
[1.190s] Level 1:colcon.colcon_core.package_identification:_identify(dual_motor_control) by extension 'ros'
[1.192s] DEBUG:colcon.colcon_core.package_identification:Package 'dual_motor_control' with type 'ros.ament_python' and name 'dual_motor_control'
[1.193s] Level 1:colcon.colcon_core.package_identification:_identify(install) by extensions ['ignore', 'ignore_ament_install']
[1.194s] Level 1:colcon.colcon_core.package_identification:_identify(install) by extension 'ignore'
[1.194s] Level 1:colcon.colcon_core.package_identification:_identify(install) ignored
[1.194s] Level 1:colcon.colcon_core.package_identification:_identify(log) by extensions ['ignore', 'ignore_ament_install']
[1.195s] Level 1:colcon.colcon_core.package_identification:_identify(log) by extension 'ignore'
[1.195s] Level 1:colcon.colcon_core.package_identification:_identify(log) ignored
[1.195s] Level 1:colcon.colcon_core.package_identification:_identify(simple_trajectory) by extensions ['ignore', 'ignore_ament_install']
[1.196s] Level 1:colcon.colcon_core.package_identification:_identify(simple_trajectory) by extension 'ignore'
[1.196s] Level 1:colcon.colcon_core.package_identification:_identify(simple_trajectory) by extension 'ignore_ament_install'
[1.196s] Level 1:colcon.colcon_core.package_identification:_identify(simple_trajectory) by extensions ['colcon_pkg']
[1.196s] Level 1:colcon.colcon_core.package_identification:_identify(simple_trajectory) by extension 'colcon_pkg'
[1.197s] Level 1:colcon.colcon_core.package_identification:_identify(simple_trajectory) by extensions ['colcon_meta']
[1.197s] Level 1:colcon.colcon_core.package_identification:_identify(simple_trajectory) by extension 'colcon_meta'
[1.197s] Level 1:colcon.colcon_core.package_identification:_identify(simple_trajectory) by extensions ['ros']
[1.197s] Level 1:colcon.colcon_core.package_identification:_identify(simple_trajectory) by extension 'ros'
[1.200s] DEBUG:colcon.colcon_core.package_identification:Package 'simple_trajectory' with type 'ros.ament_python' and name 'simple_trajectory'
[1.200s] Level 1:colcon.colcon_core.package_discovery:discover_packages(recursive) using defaults
[1.200s] Level 1:colcon.colcon_core.package_discovery:discover_packages(ignore) discover
[1.200s] Level 1:colcon.colcon_core.package_discovery:discover_packages(ignore) using defaults
[1.201s] Level 1:colcon.colcon_core.package_discovery:discover_packages(path) discover
[1.201s] Level 1:colcon.colcon_core.package_discovery:discover_packages(path) using defaults
[1.281s] INFO:colcon.colcon_core.package_selection:Skipping not selected package 'base_motor_control' in 'base_motor_control'
[1.281s] INFO:colcon.colcon_core.package_selection:Skipping not selected package 'simple_trajectory' in 'simple_trajectory'
[1.283s] Level 1:colcon.colcon_core.package_discovery:discover_packages(prefix_path) check parameters
[1.283s] Level 1:colcon.colcon_core.package_discovery:discover_packages(prefix_path) discover
[1.293s] DEBUG:colcon.colcon_installed_package_information.package_discovery:Found 3 installed packages in /home/robotarm/Robot-Arm-RPi/install
[1.296s] DEBUG:colcon.colcon_installed_package_information.package_discovery:Found 2 installed packages in /home/robotarm/install
[1.299s] DEBUG:colcon.colcon_installed_package_information.package_discovery:Found 3 installed packages in /home/robotarm/microros_ws/install
[1.306s] DEBUG:colcon.colcon_installed_package_information.package_discovery:Found 187 installed packages in /opt/ros/humble
[1.310s] Level 1:colcon.colcon_core.package_discovery:discover_packages(prefix_path) using defaults
[1.468s] Level 5:colcon.colcon_core.verb:set package 'dual_motor_control' build argument 'cmake_args' from command line to 'None'
[1.468s] Level 5:colcon.colcon_core.verb:set package 'dual_motor_control' build argument 'cmake_target' from command line to 'None'
[1.469s] Level 5:colcon.colcon_core.verb:set package 'dual_motor_control' build argument 'cmake_target_skip_unavailable' from command line to 'False'
[1.469s] Level 5:colcon.colcon_core.verb:set package 'dual_motor_control' build argument 'cmake_clean_cache' from command line to 'False'
[1.469s] Level 5:colcon.colcon_core.verb:set package 'dual_motor_control' build argument 'cmake_clean_first' from command line to 'False'
[1.469s] Level 5:colcon.colcon_core.verb:set package 'dual_motor_control' build argument 'cmake_force_configure' from command line to 'False'
[1.469s] Level 5:colcon.colcon_core.verb:set package 'dual_motor_control' build argument 'ament_cmake_args' from command line to 'None'
[1.469s] Level 5:colcon.colcon_core.verb:set package 'dual_motor_control' build argument 'catkin_cmake_args' from command line to 'None'
[1.469s] Level 5:colcon.colcon_core.verb:set package 'dual_motor_control' build argument 'catkin_skip_building_tests' from command line to 'False'
[1.470s] DEBUG:colcon.colcon_core.verb:Building package 'dual_motor_control' with the following arguments: {'ament_cmake_args': None, 'build_base': '/home/robotarm/Robot-Arm-RPi/build/dual_motor_control', 'catkin_cmake_args': None, 'catkin_skip_building_tests': False, 'cmake_args': None, 'cmake_clean_cache': False, 'cmake_clean_first': False, 'cmake_force_configure': False, 'cmake_target': None, 'cmake_target_skip_unavailable': False, 'install_base': '/home/robotarm/Robot-Arm-RPi/install/dual_motor_control', 'merge_install': False, 'path': '/home/robotarm/Robot-Arm-RPi/dual_motor_control', 'symlink_install': False, 'test_result_base': None}
[1.470s] INFO:colcon.colcon_core.executor:Executing jobs using 'parallel' executor
[1.473s] DEBUG:colcon.colcon_parallel_executor.executor.parallel:run_until_complete
[1.475s] INFO:colcon.colcon_ros.task.ament_python.build:Building ROS package in '/home/robotarm/Robot-Arm-RPi/dual_motor_control' with build type 'ament_python'
[1.475s] Level 1:colcon.colcon_core.shell:create_environment_hook('dual_motor_control', 'ament_prefix_path')
[1.484s] INFO:colcon.colcon_core.plugin_system:Skipping extension 'colcon_core.shell.bat': Not used on non-Windows systems
[1.485s] INFO:colcon.colcon_core.shell:Creating environment hook '/home/robotarm/Robot-Arm-RPi/install/dual_motor_control/share/dual_motor_control/hook/ament_prefix_path.ps1'
[1.489s] INFO:colcon.colcon_core.shell:Creating environment descriptor '/home/robotarm/Robot-Arm-RPi/install/dual_motor_control/share/dual_motor_control/hook/ament_prefix_path.dsv'
[1.491s] INFO:colcon.colcon_core.shell:Creating environment hook '/home/robotarm/Robot-Arm-RPi/install/dual_motor_control/share/dual_motor_control/hook/ament_prefix_path.sh'
[1.495s] INFO:colcon.colcon_core.shell:Skip shell extension 'powershell' for command environment: Not usable outside of PowerShell
[1.495s] DEBUG:colcon.colcon_core.shell:Skip shell extension 'dsv' for command environment
[2.585s] INFO:colcon.colcon_core.task.python.build:Building Python package in '/home/robotarm/Robot-Arm-RPi/dual_motor_control'
[2.586s] INFO:colcon.colcon_core.shell:Skip shell extension 'powershell' for command environment: Not usable outside of PowerShell
[2.586s] DEBUG:colcon.colcon_core.shell:Skip shell extension 'dsv' for command environment
[4.165s] DEBUG:colcon.colcon_core.event_handler.log_command:Invoking command in '/home/robotarm/Robot-Arm-RPi/dual_motor_control': PYTHONPATH=/home/robotarm/Robot-Arm-RPi/build/dual_motor_control/prefix_override:/usr/lib/python3/dist-packages/colcon_core/task/python/colcon_distutils_commands:/home/robotarm/Robot-Arm-RPi/install/dual_motor_control/lib/python3.10/site-packages:${PYTHONPATH} /usr/bin/python3 -W ignore:setup.py install is deprecated -W ignore:easy_install command is deprecated setup.py egg_info --egg-base ../build/dual_motor_control build --build-base /home/robotarm/Robot-Arm-RPi/build/dual_motor_control/build install --record /home/robotarm/Robot-Arm-RPi/build/dual_motor_control/install.log --single-version-externally-managed install_data
[5.414s] DEBUG:colcon.colcon_core.event_handler.log_command:Invoked command in '/home/robotarm/Robot-Arm-RPi/dual_motor_control' returned '0': PYTHONPATH=/home/robotarm/Robot-Arm-RPi/build/dual_motor_control/prefix_override:/usr/lib/python3/dist-packages/colcon_core/task/python/colcon_distutils_commands:/home/robotarm/Robot-Arm-RPi/install/dual_motor_control/lib/python3.10/site-packages:${PYTHONPATH} /usr/bin/python3 -W ignore:setup.py install is deprecated -W ignore:easy_install command is deprecated setup.py egg_info --egg-base ../build/dual_motor_control build --build-base /home/robotarm/Robot-Arm-RPi/build/dual_motor_control/build install --record /home/robotarm/Robot-Arm-RPi/build/dual_motor_control/install.log --single-version-externally-managed install_data
[5.429s] Level 1:colcon.colcon_core.environment:checking '/home/robotarm/Robot-Arm-RPi/install/dual_motor_control' for CMake module files
[5.431s] Level 1:colcon.colcon_core.environment:checking '/home/robotarm/Robot-Arm-RPi/install/dual_motor_control' for CMake config files
[5.435s] Level 1:colcon.colcon_core.environment:checking '/home/robotarm/Robot-Arm-RPi/install/dual_motor_control/lib'
[5.436s] Level 1:colcon.colcon_core.environment:checking '/home/robotarm/Robot-Arm-RPi/install/dual_motor_control/bin'
[5.436s] Level 1:colcon.colcon_core.environment:checking '/home/robotarm/Robot-Arm-RPi/install/dual_motor_control/lib/pkgconfig/dual_motor_control.pc'
[5.437s] Level 1:colcon.colcon_core.environment:checking '/home/robotarm/Robot-Arm-RPi/install/dual_motor_control/lib/python3.10/site-packages'
[5.438s] Level 1:colcon.colcon_core.shell:create_environment_hook('dual_motor_control', 'pythonpath')
[5.439s] INFO:colcon.colcon_core.shell:Creating environment hook '/home/robotarm/Robot-Arm-RPi/install/dual_motor_control/share/dual_motor_control/hook/pythonpath.ps1'
[5.441s] INFO:colcon.colcon_core.shell:Creating environment descriptor '/home/robotarm/Robot-Arm-RPi/install/dual_motor_control/share/dual_motor_control/hook/pythonpath.dsv'
[5.443s] INFO:colcon.colcon_core.shell:Creating environment hook '/home/robotarm/Robot-Arm-RPi/install/dual_motor_control/share/dual_motor_control/hook/pythonpath.sh'
[5.446s] Level 1:colcon.colcon_core.environment:checking '/home/robotarm/Robot-Arm-RPi/install/dual_motor_control/bin'
[5.447s] Level 1:colcon.colcon_core.environment:create_environment_scripts_only(dual_motor_control)
[5.448s] INFO:colcon.colcon_core.shell:Creating package script '/home/robotarm/Robot-Arm-RPi/install/dual_motor_control/share/dual_motor_control/package.ps1'
[5.451s] INFO:colcon.colcon_core.shell:Creating package descriptor '/home/robotarm/Robot-Arm-RPi/install/dual_motor_control/share/dual_motor_control/package.dsv'
[5.454s] INFO:colcon.colcon_core.shell:Creating package script '/home/robotarm/Robot-Arm-RPi/install/dual_motor_control/share/dual_motor_control/package.sh'
[5.458s] INFO:colcon.colcon_core.shell:Creating package script '/home/robotarm/Robot-Arm-RPi/install/dual_motor_control/share/dual_motor_control/package.bash'
[5.462s] INFO:colcon.colcon_core.shell:Creating package script '/home/robotarm/Robot-Arm-RPi/install/dual_motor_control/share/dual_motor_control/package.zsh'
[5.466s] Level 1:colcon.colcon_core.environment:create_file_with_runtime_dependencies(/home/robotarm/Robot-Arm-RPi/install/dual_motor_control/share/colcon-core/packages/dual_motor_control)
[5.468s] DEBUG:colcon.colcon_parallel_executor.executor.parallel:closing loop
[5.471s] DEBUG:colcon.colcon_parallel_executor.executor.parallel:loop closed
[5.472s] DEBUG:colcon.colcon_parallel_executor.executor.parallel:run_until_complete finished with '0'
[5.472s] DEBUG:colcon.colcon_core.event_reactor:joining thread
[5.493s] INFO:colcon.colcon_core.plugin_system:Skipping extension 'colcon_notification.desktop_notification.notify_send': Could not find 'notify-send'
[5.494s] INFO:colcon.colcon_core.plugin_system:Skipping extension 'colcon_notification.desktop_notification.terminal_notifier': Not used on non-Darwin systems
[5.494s] INFO:colcon.colcon_core.plugin_system:Skipping extension 'colcon_notification.desktop_notification.win32': Not used on non-Windows systems
[5.494s] INFO:colcon.colcon_notification.desktop_notification:Sending desktop notification using 'notify2'
[5.497s] DEBUG:colcon.colcon_notification.desktop_notification.notify2:Failed to initialize notify2: org.freedesktop.DBus.Error.ServiceUnknown: The name org.freedesktop.Notifications was not provided by any .service files
[5.498s] DEBUG:colcon.colcon_core.event_reactor:joined thread
[5.499s] INFO:colcon.colcon_core.shell:Creating prefix script '/home/robotarm/Robot-Arm-RPi/install/local_setup.ps1'
[5.503s] INFO:colcon.colcon_core.shell:Creating prefix util module '/home/robotarm/Robot-Arm-RPi/install/_local_setup_util_ps1.py'
[5.510s] INFO:colcon.colcon_core.shell:Creating prefix chain script '/home/robotarm/Robot-Arm-RPi/install/setup.ps1'
[5.519s] INFO:colcon.colcon_core.shell:Creating prefix script '/home/robotarm/Robot-Arm-RPi/install/local_setup.sh'
[5.521s] INFO:colcon.colcon_core.shell:Creating prefix util module '/home/robotarm/Robot-Arm-RPi/install/_local_setup_util_sh.py'
[5.524s] INFO:colcon.colcon_core.shell:Creating prefix chain script '/home/robotarm/Robot-Arm-RPi/install/setup.sh'
[5.531s] INFO:colcon.colcon_core.shell:Creating prefix script '/home/robotarm/Robot-Arm-RPi/install/local_setup.bash'
[5.533s] INFO:colcon.colcon_core.shell:Creating prefix chain script '/home/robotarm/Robot-Arm-RPi/install/setup.bash'
[5.540s] INFO:colcon.colcon_core.shell:Creating prefix script '/home/robotarm/Robot-Arm-RPi/install/local_setup.zsh'
[5.542s] INFO:colcon.colcon_core.shell:Creating prefix chain script '/home/robotarm/Robot-Arm-RPi/install/setup.zsh'
