[0.836s] DEBUG:colcon:Command line arguments: ['/usr/bin/colcon', 'build', '--packages-select', 'simple_trajectory']
[0.837s] DEBUG:colcon:Parsed command line arguments: Namespace(log_base=None, log_level=None, verb_name='build', build_base='build', install_base='install', merge_install=False, symlink_install=False, test_result_base=None, continue_on_error=False, executor='parallel', parallel_workers=4, event_handlers=None, ignore_user_meta=False, metas=['./colcon.meta'], base_paths=['.'], packages_ignore=None, packages_ignore_regex=None, paths=None, packages_up_to=None, packages_up_to_regex=None, packages_above=None, packages_above_and_dependencies=None, packages_above_depth=None, packages_select_by_dep=None, packages_skip_by_dep=None, packages_skip_up_to=None, packages_select_build_failed=False, packages_skip_build_finished=False, packages_select_test_failures=False, packages_skip_test_passed=False, packages_select=['simple_trajectory'], packages_skip=None, packages_select_regex=None, packages_skip_regex=None, packages_start=None, packages_end=None, allow_overriding=[], cmake_args=None, cmake_target=None, cmake_target_skip_unavailable=False, cmake_clean_cache=False, cmake_clean_first=False, cmake_force_configure=False, ament_cmake_args=None, catkin_cmake_args=None, catkin_skip_building_tests=False, verb_parser=<colcon_defaults.argument_parser.defaults.DefaultArgumentsDecorator object at 0xffffa1872e00>, verb_extension=<colcon_core.verb.build.BuildVerb object at 0xffffa19dc310>, main=<bound method BuildVerb.main of <colcon_core.verb.build.BuildVerb object at 0xffffa19dc310>>)
[2.201s] Level 1:colcon.colcon_core.package_discovery:discover_packages(colcon_meta) check parameters
[2.202s] Level 1:colcon.colcon_core.package_discovery:discover_packages(recursive) check parameters
[2.202s] Level 1:colcon.colcon_core.package_discovery:discover_packages(ignore) check parameters
[2.203s] Level 1:colcon.colcon_core.package_discovery:discover_packages(path) check parameters
[2.203s] Level 1:colcon.colcon_core.package_discovery:discover_packages(colcon_meta) discover
[2.203s] Level 1:colcon.colcon_core.package_discovery:discover_packages(recursive) discover
[2.203s] INFO:colcon.colcon_core.package_discovery:Crawling recursively for packages in '/home/robotarm/Robot-Arm-RPi'
[2.204s] Level 1:colcon.colcon_core.package_identification:_identify(.) by extensions ['ignore', 'ignore_ament_install']
[2.204s] Level 1:colcon.colcon_core.package_identification:_identify(.) by extension 'ignore'
[2.205s] Level 1:colcon.colcon_core.package_identification:_identify(.) by extension 'ignore_ament_install'
[2.205s] Level 1:colcon.colcon_core.package_identification:_identify(.) by extensions ['colcon_pkg']
[2.205s] Level 1:colcon.colcon_core.package_identification:_identify(.) by extension 'colcon_pkg'
[2.206s] Level 1:colcon.colcon_core.package_identification:_identify(.) by extensions ['colcon_meta']
[2.206s] Level 1:colcon.colcon_core.package_identification:_identify(.) by extension 'colcon_meta'
[2.206s] Level 1:colcon.colcon_core.package_identification:_identify(.) by extensions ['ros']
[2.207s] Level 1:colcon.colcon_core.package_identification:_identify(.) by extension 'ros'
[2.262s] Level 1:colcon.colcon_core.package_identification:_identify(.) by extensions ['cmake', 'python']
[2.262s] Level 1:colcon.colcon_core.package_identification:_identify(.) by extension 'cmake'
[2.262s] Level 1:colcon.colcon_core.package_identification:_identify(.) by extension 'python'
[2.263s] Level 1:colcon.colcon_core.package_identification:_identify(.) by extensions ['python_setup_py']
[2.263s] Level 1:colcon.colcon_core.package_identification:_identify(.) by extension 'python_setup_py'
[2.264s] Level 1:colcon.colcon_core.package_identification:_identify(build) by extensions ['ignore', 'ignore_ament_install']
[2.265s] Level 1:colcon.colcon_core.package_identification:_identify(build) by extension 'ignore'
[2.265s] Level 1:colcon.colcon_core.package_identification:_identify(build) ignored
[2.267s] Level 1:colcon.colcon_core.package_identification:_identify(install) by extensions ['ignore', 'ignore_ament_install']
[2.268s] Level 1:colcon.colcon_core.package_identification:_identify(install) by extension 'ignore'
[2.268s] Level 1:colcon.colcon_core.package_identification:_identify(install) ignored
[2.270s] Level 1:colcon.colcon_core.package_identification:_identify(log) by extensions ['ignore', 'ignore_ament_install']
[2.271s] Level 1:colcon.colcon_core.package_identification:_identify(log) by extension 'ignore'
[2.271s] Level 1:colcon.colcon_core.package_identification:_identify(log) ignored
[2.273s] Level 1:colcon.colcon_core.package_identification:_identify(simple_trajectory) by extensions ['ignore', 'ignore_ament_install']
[2.273s] Level 1:colcon.colcon_core.package_identification:_identify(simple_trajectory) by extension 'ignore'
[2.274s] Level 1:colcon.colcon_core.package_identification:_identify(simple_trajectory) by extension 'ignore_ament_install'
[2.275s] Level 1:colcon.colcon_core.package_identification:_identify(simple_trajectory) by extensions ['colcon_pkg']
[2.276s] Level 1:colcon.colcon_core.package_identification:_identify(simple_trajectory) by extension 'colcon_pkg'
[2.277s] Level 1:colcon.colcon_core.package_identification:_identify(simple_trajectory) by extensions ['colcon_meta']
[2.277s] Level 1:colcon.colcon_core.package_identification:_identify(simple_trajectory) by extension 'colcon_meta'
[2.278s] Level 1:colcon.colcon_core.package_identification:_identify(simple_trajectory) by extensions ['ros']
[2.278s] Level 1:colcon.colcon_core.package_identification:_identify(simple_trajectory) by extension 'ros'
[2.295s] DEBUG:colcon.colcon_core.package_identification:Package 'simple_trajectory' with type 'ros.ament_python' and name 'simple_trajectory'
[2.296s] Level 1:colcon.colcon_core.package_discovery:discover_packages(recursive) using defaults
[2.296s] Level 1:colcon.colcon_core.package_discovery:discover_packages(ignore) discover
[2.296s] Level 1:colcon.colcon_core.package_discovery:discover_packages(ignore) using defaults
[2.296s] Level 1:colcon.colcon_core.package_discovery:discover_packages(path) discover
[2.297s] Level 1:colcon.colcon_core.package_discovery:discover_packages(path) using defaults
[2.404s] Level 1:colcon.colcon_core.package_discovery:discover_packages(prefix_path) check parameters
[2.404s] Level 1:colcon.colcon_core.package_discovery:discover_packages(prefix_path) discover
[2.411s] WARNING:colcon.colcon_ros.prefix_path.ament:The path '/home/robotarm/Robot-Arm-RPi/install/simple_trajectory' in the environment variable AMENT_PREFIX_PATH doesn't exist
[2.420s] DEBUG:colcon.colcon_installed_package_information.package_discovery:Found 0 installed packages in /home/robotarm/Robot-Arm-RPi/install
[2.423s] DEBUG:colcon.colcon_installed_package_information.package_discovery:Found 1 installed packages in /home/robotarm/install
[2.427s] DEBUG:colcon.colcon_installed_package_information.package_discovery:Found 3 installed packages in /home/robotarm/microros_ws/install
[2.436s] DEBUG:colcon.colcon_installed_package_information.package_discovery:Found 187 installed packages in /opt/ros/humble
[2.442s] Level 1:colcon.colcon_core.package_discovery:discover_packages(prefix_path) using defaults
[2.691s] Level 5:colcon.colcon_core.verb:set package 'simple_trajectory' build argument 'cmake_args' from command line to 'None'
[2.692s] Level 5:colcon.colcon_core.verb:set package 'simple_trajectory' build argument 'cmake_target' from command line to 'None'
[2.692s] Level 5:colcon.colcon_core.verb:set package 'simple_trajectory' build argument 'cmake_target_skip_unavailable' from command line to 'False'
[2.692s] Level 5:colcon.colcon_core.verb:set package 'simple_trajectory' build argument 'cmake_clean_cache' from command line to 'False'
[2.693s] Level 5:colcon.colcon_core.verb:set package 'simple_trajectory' build argument 'cmake_clean_first' from command line to 'False'
[2.693s] Level 5:colcon.colcon_core.verb:set package 'simple_trajectory' build argument 'cmake_force_configure' from command line to 'False'
[2.693s] Level 5:colcon.colcon_core.verb:set package 'simple_trajectory' build argument 'ament_cmake_args' from command line to 'None'
[2.694s] Level 5:colcon.colcon_core.verb:set package 'simple_trajectory' build argument 'catkin_cmake_args' from command line to 'None'
[2.694s] Level 5:colcon.colcon_core.verb:set package 'simple_trajectory' build argument 'catkin_skip_building_tests' from command line to 'False'
[2.694s] DEBUG:colcon.colcon_core.verb:Building package 'simple_trajectory' with the following arguments: {'ament_cmake_args': None, 'build_base': '/home/robotarm/Robot-Arm-RPi/build/simple_trajectory', 'catkin_cmake_args': None, 'catkin_skip_building_tests': False, 'cmake_args': None, 'cmake_clean_cache': False, 'cmake_clean_first': False, 'cmake_force_configure': False, 'cmake_target': None, 'cmake_target_skip_unavailable': False, 'install_base': '/home/robotarm/Robot-Arm-RPi/install/simple_trajectory', 'merge_install': False, 'path': '/home/robotarm/Robot-Arm-RPi/simple_trajectory', 'symlink_install': False, 'test_result_base': None}
[2.695s] INFO:colcon.colcon_core.executor:Executing jobs using 'parallel' executor
[2.700s] DEBUG:colcon.colcon_parallel_executor.executor.parallel:run_until_complete
[2.702s] INFO:colcon.colcon_ros.task.ament_python.build:Building ROS package in '/home/robotarm/Robot-Arm-RPi/simple_trajectory' with build type 'ament_python'
[2.703s] Level 1:colcon.colcon_core.shell:create_environment_hook('simple_trajectory', 'ament_prefix_path')
[2.721s] INFO:colcon.colcon_core.plugin_system:Skipping extension 'colcon_core.shell.bat': Not used on non-Windows systems
[2.722s] INFO:colcon.colcon_core.shell:Creating environment hook '/home/robotarm/Robot-Arm-RPi/install/simple_trajectory/share/simple_trajectory/hook/ament_prefix_path.ps1'
[2.730s] INFO:colcon.colcon_core.shell:Creating environment descriptor '/home/robotarm/Robot-Arm-RPi/install/simple_trajectory/share/simple_trajectory/hook/ament_prefix_path.dsv'
[2.734s] INFO:colcon.colcon_core.shell:Creating environment hook '/home/robotarm/Robot-Arm-RPi/install/simple_trajectory/share/simple_trajectory/hook/ament_prefix_path.sh'
[2.741s] INFO:colcon.colcon_core.shell:Skip shell extension 'powershell' for command environment: Not usable outside of PowerShell
[2.741s] DEBUG:colcon.colcon_core.shell:Skip shell extension 'dsv' for command environment
[4.572s] INFO:colcon.colcon_core.task.python.build:Building Python package in '/home/robotarm/Robot-Arm-RPi/simple_trajectory'
[4.573s] INFO:colcon.colcon_core.shell:Skip shell extension 'powershell' for command environment: Not usable outside of PowerShell
[4.574s] DEBUG:colcon.colcon_core.shell:Skip shell extension 'dsv' for command environment
[6.712s] DEBUG:colcon.colcon_core.event_handler.log_command:Invoking command in '/home/robotarm/Robot-Arm-RPi/simple_trajectory': PYTHONPATH=/home/robotarm/Robot-Arm-RPi/build/simple_trajectory/prefix_override:/usr/lib/python3/dist-packages/colcon_core/task/python/colcon_distutils_commands:/home/robotarm/Robot-Arm-RPi/install/simple_trajectory/lib/python3.10/site-packages:${PYTHONPATH} /usr/bin/python3 -W ignore:setup.py install is deprecated -W ignore:easy_install command is deprecated setup.py egg_info --egg-base ../build/simple_trajectory build --build-base /home/robotarm/Robot-Arm-RPi/build/simple_trajectory/build install --record /home/robotarm/Robot-Arm-RPi/build/simple_trajectory/install.log --single-version-externally-managed install_data
[8.376s] DEBUG:colcon.colcon_core.event_handler.log_command:Invoked command in '/home/robotarm/Robot-Arm-RPi/simple_trajectory' returned '0': PYTHONPATH=/home/robotarm/Robot-Arm-RPi/build/simple_trajectory/prefix_override:/usr/lib/python3/dist-packages/colcon_core/task/python/colcon_distutils_commands:/home/robotarm/Robot-Arm-RPi/install/simple_trajectory/lib/python3.10/site-packages:${PYTHONPATH} /usr/bin/python3 -W ignore:setup.py install is deprecated -W ignore:easy_install command is deprecated setup.py egg_info --egg-base ../build/simple_trajectory build --build-base /home/robotarm/Robot-Arm-RPi/build/simple_trajectory/build install --record /home/robotarm/Robot-Arm-RPi/build/simple_trajectory/install.log --single-version-externally-managed install_data
[8.388s] Level 1:colcon.colcon_core.environment:checking '/home/robotarm/Robot-Arm-RPi/install/simple_trajectory' for CMake module files
[8.390s] Level 1:colcon.colcon_core.environment:checking '/home/robotarm/Robot-Arm-RPi/install/simple_trajectory' for CMake config files
[8.394s] Level 1:colcon.colcon_core.environment:checking '/home/robotarm/Robot-Arm-RPi/install/simple_trajectory/lib'
[8.395s] Level 1:colcon.colcon_core.environment:checking '/home/robotarm/Robot-Arm-RPi/install/simple_trajectory/bin'
[8.395s] Level 1:colcon.colcon_core.environment:checking '/home/robotarm/Robot-Arm-RPi/install/simple_trajectory/lib/pkgconfig/simple_trajectory.pc'
[8.396s] Level 1:colcon.colcon_core.environment:checking '/home/robotarm/Robot-Arm-RPi/install/simple_trajectory/lib/python3.10/site-packages'
[8.397s] Level 1:colcon.colcon_core.shell:create_environment_hook('simple_trajectory', 'pythonpath')
[8.398s] INFO:colcon.colcon_core.shell:Creating environment hook '/home/robotarm/Robot-Arm-RPi/install/simple_trajectory/share/simple_trajectory/hook/pythonpath.ps1'
[8.400s] INFO:colcon.colcon_core.shell:Creating environment descriptor '/home/robotarm/Robot-Arm-RPi/install/simple_trajectory/share/simple_trajectory/hook/pythonpath.dsv'
[8.402s] INFO:colcon.colcon_core.shell:Creating environment hook '/home/robotarm/Robot-Arm-RPi/install/simple_trajectory/share/simple_trajectory/hook/pythonpath.sh'
[8.405s] Level 1:colcon.colcon_core.environment:checking '/home/robotarm/Robot-Arm-RPi/install/simple_trajectory/bin'
[8.405s] Level 1:colcon.colcon_core.environment:create_environment_scripts_only(simple_trajectory)
[8.407s] INFO:colcon.colcon_core.shell:Creating package script '/home/robotarm/Robot-Arm-RPi/install/simple_trajectory/share/simple_trajectory/package.ps1'
[8.411s] INFO:colcon.colcon_core.shell:Creating package descriptor '/home/robotarm/Robot-Arm-RPi/install/simple_trajectory/share/simple_trajectory/package.dsv'
[8.414s] INFO:colcon.colcon_core.shell:Creating package script '/home/robotarm/Robot-Arm-RPi/install/simple_trajectory/share/simple_trajectory/package.sh'
[8.418s] INFO:colcon.colcon_core.shell:Creating package script '/home/robotarm/Robot-Arm-RPi/install/simple_trajectory/share/simple_trajectory/package.bash'
[8.422s] INFO:colcon.colcon_core.shell:Creating package script '/home/robotarm/Robot-Arm-RPi/install/simple_trajectory/share/simple_trajectory/package.zsh'
[8.426s] Level 1:colcon.colcon_core.environment:create_file_with_runtime_dependencies(/home/robotarm/Robot-Arm-RPi/install/simple_trajectory/share/colcon-core/packages/simple_trajectory)
[8.427s] DEBUG:colcon.colcon_parallel_executor.executor.parallel:closing loop
[8.428s] DEBUG:colcon.colcon_parallel_executor.executor.parallel:loop closed
[8.429s] DEBUG:colcon.colcon_parallel_executor.executor.parallel:run_until_complete finished with '0'
[8.429s] DEBUG:colcon.colcon_core.event_reactor:joining thread
[8.451s] INFO:colcon.colcon_core.plugin_system:Skipping extension 'colcon_notification.desktop_notification.notify_send': Could not find 'notify-send'
[8.452s] INFO:colcon.colcon_core.plugin_system:Skipping extension 'colcon_notification.desktop_notification.terminal_notifier': Not used on non-Darwin systems
[8.452s] INFO:colcon.colcon_core.plugin_system:Skipping extension 'colcon_notification.desktop_notification.win32': Not used on non-Windows systems
[8.452s] INFO:colcon.colcon_notification.desktop_notification:Sending desktop notification using 'notify2'
[8.455s] DEBUG:colcon.colcon_notification.desktop_notification.notify2:Failed to initialize notify2: org.freedesktop.DBus.Error.ServiceUnknown: The name org.freedesktop.Notifications was not provided by any .service files
[8.456s] DEBUG:colcon.colcon_core.event_reactor:joined thread
[8.456s] INFO:colcon.colcon_core.shell:Creating prefix script '/home/robotarm/Robot-Arm-RPi/install/local_setup.ps1'
[8.460s] INFO:colcon.colcon_core.shell:Creating prefix util module '/home/robotarm/Robot-Arm-RPi/install/_local_setup_util_ps1.py'
[8.467s] INFO:colcon.colcon_core.shell:Creating prefix chain script '/home/robotarm/Robot-Arm-RPi/install/setup.ps1'
[8.473s] INFO:colcon.colcon_core.shell:Creating prefix script '/home/robotarm/Robot-Arm-RPi/install/local_setup.sh'
[8.476s] INFO:colcon.colcon_core.shell:Creating prefix util module '/home/robotarm/Robot-Arm-RPi/install/_local_setup_util_sh.py'
[8.478s] INFO:colcon.colcon_core.shell:Creating prefix chain script '/home/robotarm/Robot-Arm-RPi/install/setup.sh'
[8.484s] INFO:colcon.colcon_core.shell:Creating prefix script '/home/robotarm/Robot-Arm-RPi/install/local_setup.bash'
[8.486s] INFO:colcon.colcon_core.shell:Creating prefix chain script '/home/robotarm/Robot-Arm-RPi/install/setup.bash'
[8.492s] INFO:colcon.colcon_core.shell:Creating prefix script '/home/robotarm/Robot-Arm-RPi/install/local_setup.zsh'
[8.494s] INFO:colcon.colcon_core.shell:Creating prefix chain script '/home/robotarm/Robot-Arm-RPi/install/setup.zsh'
