[0.426s] DEBUG:colcon:Command line arguments: ['/usr/bin/colcon', 'build', '--packages-select', 'base_motor_control']
[0.426s] DEBUG:colcon:Parsed command line arguments: Namespace(log_base=None, log_level=None, verb_name='build', build_base='build', install_base='install', merge_install=False, symlink_install=False, test_result_base=None, continue_on_error=False, executor='parallel', parallel_workers=4, event_handlers=None, ignore_user_meta=False, metas=['./colcon.meta'], base_paths=['.'], packages_ignore=None, packages_ignore_regex=None, paths=None, packages_up_to=None, packages_up_to_regex=None, packages_above=None, packages_above_and_dependencies=None, packages_above_depth=None, packages_select_by_dep=None, packages_skip_by_dep=None, packages_skip_up_to=None, packages_select_build_failed=False, packages_skip_build_finished=False, packages_select_test_failures=False, packages_skip_test_passed=False, packages_select=['base_motor_control'], packages_skip=None, packages_select_regex=None, packages_skip_regex=None, packages_start=None, packages_end=None, allow_overriding=[], cmake_args=None, cmake_target=None, cmake_target_skip_unavailable=False, cmake_clean_cache=False, cmake_clean_first=False, cmake_force_configure=False, ament_cmake_args=None, catkin_cmake_args=None, catkin_skip_building_tests=False, verb_parser=<colcon_defaults.argument_parser.defaults.DefaultArgumentsDecorator object at 0xffff7f33f2e0>, verb_extension=<colcon_core.verb.build.BuildVerb object at 0xffff7f49c7f0>, main=<bound method BuildVerb.main of <colcon_core.verb.build.BuildVerb object at 0xffff7f49c7f0>>)
[1.091s] Level 1:colcon.colcon_core.package_discovery:discover_packages(colcon_meta) check parameters
[1.092s] Level 1:colcon.colcon_core.package_discovery:discover_packages(recursive) check parameters
[1.092s] Level 1:colcon.colcon_core.package_discovery:discover_packages(ignore) check parameters
[1.092s] Level 1:colcon.colcon_core.package_discovery:discover_packages(path) check parameters
[1.093s] Level 1:colcon.colcon_core.package_discovery:discover_packages(colcon_meta) discover
[1.093s] Level 1:colcon.colcon_core.package_discovery:discover_packages(recursive) discover
[1.093s] INFO:colcon.colcon_core.package_discovery:Crawling recursively for packages in '/home/robotarm/Robot-Arm-RPi'
[1.094s] Level 1:colcon.colcon_core.package_identification:_identify(.) by extensions ['ignore', 'ignore_ament_install']
[1.094s] Level 1:colcon.colcon_core.package_identification:_identify(.) by extension 'ignore'
[1.094s] Level 1:colcon.colcon_core.package_identification:_identify(.) by extension 'ignore_ament_install'
[1.094s] Level 1:colcon.colcon_core.package_identification:_identify(.) by extensions ['colcon_pkg']
[1.095s] Level 1:colcon.colcon_core.package_identification:_identify(.) by extension 'colcon_pkg'
[1.095s] Level 1:colcon.colcon_core.package_identification:_identify(.) by extensions ['colcon_meta']
[1.095s] Level 1:colcon.colcon_core.package_identification:_identify(.) by extension 'colcon_meta'
[1.095s] Level 1:colcon.colcon_core.package_identification:_identify(.) by extensions ['ros']
[1.095s] Level 1:colcon.colcon_core.package_identification:_identify(.) by extension 'ros'
[1.145s] Level 1:colcon.colcon_core.package_identification:_identify(.) by extensions ['cmake', 'python']
[1.145s] Level 1:colcon.colcon_core.package_identification:_identify(.) by extension 'cmake'
[1.145s] Level 1:colcon.colcon_core.package_identification:_identify(.) by extension 'python'
[1.145s] Level 1:colcon.colcon_core.package_identification:_identify(.) by extensions ['python_setup_py']
[1.146s] Level 1:colcon.colcon_core.package_identification:_identify(.) by extension 'python_setup_py'
[1.146s] Level 1:colcon.colcon_core.package_identification:_identify(base_motor_control) by extensions ['ignore', 'ignore_ament_install']
[1.147s] Level 1:colcon.colcon_core.package_identification:_identify(base_motor_control) by extension 'ignore'
[1.147s] Level 1:colcon.colcon_core.package_identification:_identify(base_motor_control) by extension 'ignore_ament_install'
[1.147s] Level 1:colcon.colcon_core.package_identification:_identify(base_motor_control) by extensions ['colcon_pkg']
[1.148s] Level 1:colcon.colcon_core.package_identification:_identify(base_motor_control) by extension 'colcon_pkg'
[1.148s] Level 1:colcon.colcon_core.package_identification:_identify(base_motor_control) by extensions ['colcon_meta']
[1.148s] Level 1:colcon.colcon_core.package_identification:_identify(base_motor_control) by extension 'colcon_meta'
[1.148s] Level 1:colcon.colcon_core.package_identification:_identify(base_motor_control) by extensions ['ros']
[1.148s] Level 1:colcon.colcon_core.package_identification:_identify(base_motor_control) by extension 'ros'
[1.157s] DEBUG:colcon.colcon_core.package_identification:Package 'base_motor_control' with type 'ros.ament_python' and name 'base_motor_control'
[1.158s] Level 1:colcon.colcon_core.package_identification:_identify(build) by extensions ['ignore', 'ignore_ament_install']
[1.158s] Level 1:colcon.colcon_core.package_identification:_identify(build) by extension 'ignore'
[1.158s] Level 1:colcon.colcon_core.package_identification:_identify(build) ignored
[1.159s] Level 1:colcon.colcon_core.package_identification:_identify(install) by extensions ['ignore', 'ignore_ament_install']
[1.159s] Level 1:colcon.colcon_core.package_identification:_identify(install) by extension 'ignore'
[1.159s] Level 1:colcon.colcon_core.package_identification:_identify(install) ignored
[1.160s] Level 1:colcon.colcon_core.package_identification:_identify(log) by extensions ['ignore', 'ignore_ament_install']
[1.160s] Level 1:colcon.colcon_core.package_identification:_identify(log) by extension 'ignore'
[1.160s] Level 1:colcon.colcon_core.package_identification:_identify(log) ignored
[1.161s] Level 1:colcon.colcon_core.package_identification:_identify(simple_trajectory) by extensions ['ignore', 'ignore_ament_install']
[1.161s] Level 1:colcon.colcon_core.package_identification:_identify(simple_trajectory) by extension 'ignore'
[1.161s] Level 1:colcon.colcon_core.package_identification:_identify(simple_trajectory) by extension 'ignore_ament_install'
[1.162s] Level 1:colcon.colcon_core.package_identification:_identify(simple_trajectory) by extensions ['colcon_pkg']
[1.162s] Level 1:colcon.colcon_core.package_identification:_identify(simple_trajectory) by extension 'colcon_pkg'
[1.162s] Level 1:colcon.colcon_core.package_identification:_identify(simple_trajectory) by extensions ['colcon_meta']
[1.162s] Level 1:colcon.colcon_core.package_identification:_identify(simple_trajectory) by extension 'colcon_meta'
[1.162s] Level 1:colcon.colcon_core.package_identification:_identify(simple_trajectory) by extensions ['ros']
[1.162s] Level 1:colcon.colcon_core.package_identification:_identify(simple_trajectory) by extension 'ros'
[1.164s] DEBUG:colcon.colcon_core.package_identification:Package 'simple_trajectory' with type 'ros.ament_python' and name 'simple_trajectory'
[1.165s] Level 1:colcon.colcon_core.package_discovery:discover_packages(recursive) using defaults
[1.165s] Level 1:colcon.colcon_core.package_discovery:discover_packages(ignore) discover
[1.165s] Level 1:colcon.colcon_core.package_discovery:discover_packages(ignore) using defaults
[1.165s] Level 1:colcon.colcon_core.package_discovery:discover_packages(path) discover
[1.165s] Level 1:colcon.colcon_core.package_discovery:discover_packages(path) using defaults
[1.243s] INFO:colcon.colcon_core.package_selection:Skipping not selected package 'simple_trajectory' in 'simple_trajectory'
[1.245s] Level 1:colcon.colcon_core.package_discovery:discover_packages(prefix_path) check parameters
[1.245s] Level 1:colcon.colcon_core.package_discovery:discover_packages(prefix_path) discover
[1.255s] DEBUG:colcon.colcon_installed_package_information.package_discovery:Found 1 installed packages in /home/robotarm/Robot-Arm-RPi/install
[1.257s] DEBUG:colcon.colcon_installed_package_information.package_discovery:Found 1 installed packages in /home/robotarm/install
[1.260s] DEBUG:colcon.colcon_installed_package_information.package_discovery:Found 3 installed packages in /home/robotarm/microros_ws/install
[1.267s] DEBUG:colcon.colcon_installed_package_information.package_discovery:Found 187 installed packages in /opt/ros/humble
[1.271s] Level 1:colcon.colcon_core.package_discovery:discover_packages(prefix_path) using defaults
[1.429s] Level 5:colcon.colcon_core.verb:set package 'base_motor_control' build argument 'cmake_args' from command line to 'None'
[1.429s] Level 5:colcon.colcon_core.verb:set package 'base_motor_control' build argument 'cmake_target' from command line to 'None'
[1.429s] Level 5:colcon.colcon_core.verb:set package 'base_motor_control' build argument 'cmake_target_skip_unavailable' from command line to 'False'
[1.429s] Level 5:colcon.colcon_core.verb:set package 'base_motor_control' build argument 'cmake_clean_cache' from command line to 'False'
[1.429s] Level 5:colcon.colcon_core.verb:set package 'base_motor_control' build argument 'cmake_clean_first' from command line to 'False'
[1.429s] Level 5:colcon.colcon_core.verb:set package 'base_motor_control' build argument 'cmake_force_configure' from command line to 'False'
[1.429s] Level 5:colcon.colcon_core.verb:set package 'base_motor_control' build argument 'ament_cmake_args' from command line to 'None'
[1.430s] Level 5:colcon.colcon_core.verb:set package 'base_motor_control' build argument 'catkin_cmake_args' from command line to 'None'
[1.430s] Level 5:colcon.colcon_core.verb:set package 'base_motor_control' build argument 'catkin_skip_building_tests' from command line to 'False'
[1.430s] DEBUG:colcon.colcon_core.verb:Building package 'base_motor_control' with the following arguments: {'ament_cmake_args': None, 'build_base': '/home/robotarm/Robot-Arm-RPi/build/base_motor_control', 'catkin_cmake_args': None, 'catkin_skip_building_tests': False, 'cmake_args': None, 'cmake_clean_cache': False, 'cmake_clean_first': False, 'cmake_force_configure': False, 'cmake_target': None, 'cmake_target_skip_unavailable': False, 'install_base': '/home/robotarm/Robot-Arm-RPi/install/base_motor_control', 'merge_install': False, 'path': '/home/robotarm/Robot-Arm-RPi/base_motor_control', 'symlink_install': False, 'test_result_base': None}
[1.430s] INFO:colcon.colcon_core.executor:Executing jobs using 'parallel' executor
[1.434s] DEBUG:colcon.colcon_parallel_executor.executor.parallel:run_until_complete
[1.435s] INFO:colcon.colcon_ros.task.ament_python.build:Building ROS package in '/home/robotarm/Robot-Arm-RPi/base_motor_control' with build type 'ament_python'
[1.436s] Level 1:colcon.colcon_core.shell:create_environment_hook('base_motor_control', 'ament_prefix_path')
[1.445s] INFO:colcon.colcon_core.plugin_system:Skipping extension 'colcon_core.shell.bat': Not used on non-Windows systems
[1.446s] INFO:colcon.colcon_core.shell:Creating environment hook '/home/robotarm/Robot-Arm-RPi/install/base_motor_control/share/base_motor_control/hook/ament_prefix_path.ps1'
[1.450s] INFO:colcon.colcon_core.shell:Creating environment descriptor '/home/robotarm/Robot-Arm-RPi/install/base_motor_control/share/base_motor_control/hook/ament_prefix_path.dsv'
[1.452s] INFO:colcon.colcon_core.shell:Creating environment hook '/home/robotarm/Robot-Arm-RPi/install/base_motor_control/share/base_motor_control/hook/ament_prefix_path.sh'
[1.455s] INFO:colcon.colcon_core.shell:Skip shell extension 'powershell' for command environment: Not usable outside of PowerShell
[1.455s] DEBUG:colcon.colcon_core.shell:Skip shell extension 'dsv' for command environment
[2.531s] INFO:colcon.colcon_core.task.python.build:Building Python package in '/home/robotarm/Robot-Arm-RPi/base_motor_control'
[2.532s] INFO:colcon.colcon_core.shell:Skip shell extension 'powershell' for command environment: Not usable outside of PowerShell
[2.533s] DEBUG:colcon.colcon_core.shell:Skip shell extension 'dsv' for command environment
[4.030s] DEBUG:colcon.colcon_core.event_handler.log_command:Invoking command in '/home/robotarm/Robot-Arm-RPi/base_motor_control': PYTHONPATH=/home/robotarm/Robot-Arm-RPi/build/base_motor_control/prefix_override:/usr/lib/python3/dist-packages/colcon_core/task/python/colcon_distutils_commands:/home/robotarm/Robot-Arm-RPi/install/base_motor_control/lib/python3.10/site-packages:${PYTHONPATH} /usr/bin/python3 -W ignore:setup.py install is deprecated -W ignore:easy_install command is deprecated setup.py egg_info --egg-base ../build/base_motor_control build --build-base /home/robotarm/Robot-Arm-RPi/build/base_motor_control/build install --record /home/robotarm/Robot-Arm-RPi/build/base_motor_control/install.log --single-version-externally-managed install_data
[5.249s] DEBUG:colcon.colcon_core.event_handler.log_command:Invoked command in '/home/robotarm/Robot-Arm-RPi/base_motor_control' returned '0': PYTHONPATH=/home/robotarm/Robot-Arm-RPi/build/base_motor_control/prefix_override:/usr/lib/python3/dist-packages/colcon_core/task/python/colcon_distutils_commands:/home/robotarm/Robot-Arm-RPi/install/base_motor_control/lib/python3.10/site-packages:${PYTHONPATH} /usr/bin/python3 -W ignore:setup.py install is deprecated -W ignore:easy_install command is deprecated setup.py egg_info --egg-base ../build/base_motor_control build --build-base /home/robotarm/Robot-Arm-RPi/build/base_motor_control/build install --record /home/robotarm/Robot-Arm-RPi/build/base_motor_control/install.log --single-version-externally-managed install_data
[5.259s] Level 1:colcon.colcon_core.environment:checking '/home/robotarm/Robot-Arm-RPi/install/base_motor_control' for CMake module files
[5.262s] Level 1:colcon.colcon_core.environment:checking '/home/robotarm/Robot-Arm-RPi/install/base_motor_control' for CMake config files
[5.266s] Level 1:colcon.colcon_core.environment:checking '/home/robotarm/Robot-Arm-RPi/install/base_motor_control/lib'
[5.267s] Level 1:colcon.colcon_core.environment:checking '/home/robotarm/Robot-Arm-RPi/install/base_motor_control/bin'
[5.267s] Level 1:colcon.colcon_core.environment:checking '/home/robotarm/Robot-Arm-RPi/install/base_motor_control/lib/pkgconfig/base_motor_control.pc'
[5.268s] Level 1:colcon.colcon_core.environment:checking '/home/robotarm/Robot-Arm-RPi/install/base_motor_control/lib/python3.10/site-packages'
[5.268s] Level 1:colcon.colcon_core.shell:create_environment_hook('base_motor_control', 'pythonpath')
[5.269s] INFO:colcon.colcon_core.shell:Creating environment hook '/home/robotarm/Robot-Arm-RPi/install/base_motor_control/share/base_motor_control/hook/pythonpath.ps1'
[5.271s] INFO:colcon.colcon_core.shell:Creating environment descriptor '/home/robotarm/Robot-Arm-RPi/install/base_motor_control/share/base_motor_control/hook/pythonpath.dsv'
[5.273s] INFO:colcon.colcon_core.shell:Creating environment hook '/home/robotarm/Robot-Arm-RPi/install/base_motor_control/share/base_motor_control/hook/pythonpath.sh'
[5.275s] Level 1:colcon.colcon_core.environment:checking '/home/robotarm/Robot-Arm-RPi/install/base_motor_control/bin'
[5.276s] Level 1:colcon.colcon_core.environment:create_environment_scripts_only(base_motor_control)
[5.277s] INFO:colcon.colcon_core.shell:Creating package script '/home/robotarm/Robot-Arm-RPi/install/base_motor_control/share/base_motor_control/package.ps1'
[5.280s] INFO:colcon.colcon_core.shell:Creating package descriptor '/home/robotarm/Robot-Arm-RPi/install/base_motor_control/share/base_motor_control/package.dsv'
[5.283s] INFO:colcon.colcon_core.shell:Creating package script '/home/robotarm/Robot-Arm-RPi/install/base_motor_control/share/base_motor_control/package.sh'
[5.286s] INFO:colcon.colcon_core.shell:Creating package script '/home/robotarm/Robot-Arm-RPi/install/base_motor_control/share/base_motor_control/package.bash'
[5.290s] INFO:colcon.colcon_core.shell:Creating package script '/home/robotarm/Robot-Arm-RPi/install/base_motor_control/share/base_motor_control/package.zsh'
[5.293s] Level 1:colcon.colcon_core.environment:create_file_with_runtime_dependencies(/home/robotarm/Robot-Arm-RPi/install/base_motor_control/share/colcon-core/packages/base_motor_control)
[5.294s] DEBUG:colcon.colcon_parallel_executor.executor.parallel:closing loop
[5.295s] DEBUG:colcon.colcon_parallel_executor.executor.parallel:loop closed
[5.296s] DEBUG:colcon.colcon_parallel_executor.executor.parallel:run_until_complete finished with '0'
[5.297s] DEBUG:colcon.colcon_core.event_reactor:joining thread
[5.319s] INFO:colcon.colcon_core.plugin_system:Skipping extension 'colcon_notification.desktop_notification.notify_send': Could not find 'notify-send'
[5.320s] INFO:colcon.colcon_core.plugin_system:Skipping extension 'colcon_notification.desktop_notification.terminal_notifier': Not used on non-Darwin systems
[5.320s] INFO:colcon.colcon_core.plugin_system:Skipping extension 'colcon_notification.desktop_notification.win32': Not used on non-Windows systems
[5.320s] INFO:colcon.colcon_notification.desktop_notification:Sending desktop notification using 'notify2'
[5.323s] DEBUG:colcon.colcon_notification.desktop_notification.notify2:Failed to initialize notify2: org.freedesktop.DBus.Error.ServiceUnknown: The name org.freedesktop.Notifications was not provided by any .service files
[5.324s] DEBUG:colcon.colcon_core.event_reactor:joined thread
[5.325s] INFO:colcon.colcon_core.shell:Creating prefix script '/home/robotarm/Robot-Arm-RPi/install/local_setup.ps1'
[5.329s] INFO:colcon.colcon_core.shell:Creating prefix util module '/home/robotarm/Robot-Arm-RPi/install/_local_setup_util_ps1.py'
[5.337s] INFO:colcon.colcon_core.shell:Creating prefix chain script '/home/robotarm/Robot-Arm-RPi/install/setup.ps1'
[5.345s] INFO:colcon.colcon_core.shell:Creating prefix script '/home/robotarm/Robot-Arm-RPi/install/local_setup.sh'
[5.348s] INFO:colcon.colcon_core.shell:Creating prefix util module '/home/robotarm/Robot-Arm-RPi/install/_local_setup_util_sh.py'
[5.350s] INFO:colcon.colcon_core.shell:Creating prefix chain script '/home/robotarm/Robot-Arm-RPi/install/setup.sh'
[5.357s] INFO:colcon.colcon_core.shell:Creating prefix script '/home/robotarm/Robot-Arm-RPi/install/local_setup.bash'
[5.359s] INFO:colcon.colcon_core.shell:Creating prefix chain script '/home/robotarm/Robot-Arm-RPi/install/setup.bash'
[5.365s] INFO:colcon.colcon_core.shell:Creating prefix script '/home/robotarm/Robot-Arm-RPi/install/local_setup.zsh'
[5.368s] INFO:colcon.colcon_core.shell:Creating prefix chain script '/home/robotarm/Robot-Arm-RPi/install/setup.zsh'
