[1.136s] DEBUG:colcon:Command line arguments: ['/usr/bin/colcon', 'build', '--packages-select', 'base_motor_control/']
[1.137s] DEBUG:colcon:Parsed command line arguments: Namespace(log_base=None, log_level=None, verb_name='build', build_base='build', install_base='install', merge_install=False, symlink_install=False, test_result_base=None, continue_on_error=False, executor='parallel', parallel_workers=4, event_handlers=None, ignore_user_meta=False, metas=['./colcon.meta'], base_paths=['.'], packages_ignore=None, packages_ignore_regex=None, paths=None, packages_up_to=None, packages_up_to_regex=None, packages_above=None, packages_above_and_dependencies=None, packages_above_depth=None, packages_select_by_dep=None, packages_skip_by_dep=None, packages_skip_up_to=None, packages_select_build_failed=False, packages_skip_build_finished=False, packages_select_test_failures=False, packages_skip_test_passed=False, packages_select=['base_motor_control/'], packages_skip=None, packages_select_regex=None, packages_skip_regex=None, packages_start=None, packages_end=None, allow_overriding=[], cmake_args=None, cmake_target=None, cmake_target_skip_unavailable=False, cmake_clean_cache=False, cmake_clean_first=False, cmake_force_configure=False, ament_cmake_args=None, catkin_cmake_args=None, catkin_skip_building_tests=False, verb_parser=<colcon_defaults.argument_parser.defaults.DefaultArgumentsDecorator object at 0xffffaa00b700>, verb_extension=<colcon_core.verb.build.BuildVerb object at 0xffffaa144c10>, main=<bound method BuildVerb.main of <colcon_core.verb.build.BuildVerb object at 0xffffaa144c10>>)
[2.770s] Level 1:colcon.colcon_core.package_discovery:discover_packages(colcon_meta) check parameters
[2.770s] Level 1:colcon.colcon_core.package_discovery:discover_packages(recursive) check parameters
[2.770s] Level 1:colcon.colcon_core.package_discovery:discover_packages(ignore) check parameters
[2.771s] Level 1:colcon.colcon_core.package_discovery:discover_packages(path) check parameters
[2.771s] Level 1:colcon.colcon_core.package_discovery:discover_packages(colcon_meta) discover
[2.771s] Level 1:colcon.colcon_core.package_discovery:discover_packages(recursive) discover
[2.772s] INFO:colcon.colcon_core.package_discovery:Crawling recursively for packages in '/home/robotarm/Robot-Arm-RPi'
[2.772s] Level 1:colcon.colcon_core.package_identification:_identify(.) by extensions ['ignore', 'ignore_ament_install']
[2.773s] Level 1:colcon.colcon_core.package_identification:_identify(.) by extension 'ignore'
[2.773s] Level 1:colcon.colcon_core.package_identification:_identify(.) by extension 'ignore_ament_install'
[2.773s] Level 1:colcon.colcon_core.package_identification:_identify(.) by extensions ['colcon_pkg']
[2.773s] Level 1:colcon.colcon_core.package_identification:_identify(.) by extension 'colcon_pkg'
[2.774s] Level 1:colcon.colcon_core.package_identification:_identify(.) by extensions ['colcon_meta']
[2.774s] Level 1:colcon.colcon_core.package_identification:_identify(.) by extension 'colcon_meta'
[2.774s] Level 1:colcon.colcon_core.package_identification:_identify(.) by extensions ['ros']
[2.774s] Level 1:colcon.colcon_core.package_identification:_identify(.) by extension 'ros'
[2.846s] Level 1:colcon.colcon_core.package_identification:_identify(.) by extensions ['cmake', 'python']
[2.846s] Level 1:colcon.colcon_core.package_identification:_identify(.) by extension 'cmake'
[2.847s] Level 1:colcon.colcon_core.package_identification:_identify(.) by extension 'python'
[2.847s] Level 1:colcon.colcon_core.package_identification:_identify(.) by extensions ['python_setup_py']
[2.848s] Level 1:colcon.colcon_core.package_identification:_identify(.) by extension 'python_setup_py'
[2.849s] Level 1:colcon.colcon_core.package_identification:_identify(base_motor_control) by extensions ['ignore', 'ignore_ament_install']
[2.849s] Level 1:colcon.colcon_core.package_identification:_identify(base_motor_control) by extension 'ignore'
[2.850s] Level 1:colcon.colcon_core.package_identification:_identify(base_motor_control) by extension 'ignore_ament_install'
[2.851s] Level 1:colcon.colcon_core.package_identification:_identify(base_motor_control) by extensions ['colcon_pkg']
[2.851s] Level 1:colcon.colcon_core.package_identification:_identify(base_motor_control) by extension 'colcon_pkg'
[2.852s] Level 1:colcon.colcon_core.package_identification:_identify(base_motor_control) by extensions ['colcon_meta']
[2.852s] Level 1:colcon.colcon_core.package_identification:_identify(base_motor_control) by extension 'colcon_meta'
[2.853s] Level 1:colcon.colcon_core.package_identification:_identify(base_motor_control) by extensions ['ros']
[2.853s] Level 1:colcon.colcon_core.package_identification:_identify(base_motor_control) by extension 'ros'
[2.872s] DEBUG:colcon.colcon_core.package_identification:Package 'base_motor_control' with type 'ros.ament_python' and name 'base_motor_control'
[2.873s] Level 1:colcon.colcon_core.package_identification:_identify(build) by extensions ['ignore', 'ignore_ament_install']
[2.873s] Level 1:colcon.colcon_core.package_identification:_identify(build) by extension 'ignore'
[2.874s] Level 1:colcon.colcon_core.package_identification:_identify(build) ignored
[2.874s] Level 1:colcon.colcon_core.package_identification:_identify(install) by extensions ['ignore', 'ignore_ament_install']
[2.875s] Level 1:colcon.colcon_core.package_identification:_identify(install) by extension 'ignore'
[2.875s] Level 1:colcon.colcon_core.package_identification:_identify(install) ignored
[2.876s] Level 1:colcon.colcon_core.package_identification:_identify(log) by extensions ['ignore', 'ignore_ament_install']
[2.876s] Level 1:colcon.colcon_core.package_identification:_identify(log) by extension 'ignore'
[2.876s] Level 1:colcon.colcon_core.package_identification:_identify(log) ignored
[2.877s] Level 1:colcon.colcon_core.package_identification:_identify(simple_trajectory) by extensions ['ignore', 'ignore_ament_install']
[2.877s] Level 1:colcon.colcon_core.package_identification:_identify(simple_trajectory) by extension 'ignore'
[2.878s] Level 1:colcon.colcon_core.package_identification:_identify(simple_trajectory) by extension 'ignore_ament_install'
[2.878s] Level 1:colcon.colcon_core.package_identification:_identify(simple_trajectory) by extensions ['colcon_pkg']
[2.878s] Level 1:colcon.colcon_core.package_identification:_identify(simple_trajectory) by extension 'colcon_pkg'
[2.878s] Level 1:colcon.colcon_core.package_identification:_identify(simple_trajectory) by extensions ['colcon_meta']
[2.878s] Level 1:colcon.colcon_core.package_identification:_identify(simple_trajectory) by extension 'colcon_meta'
[2.879s] Level 1:colcon.colcon_core.package_identification:_identify(simple_trajectory) by extensions ['ros']
[2.879s] Level 1:colcon.colcon_core.package_identification:_identify(simple_trajectory) by extension 'ros'
[2.882s] DEBUG:colcon.colcon_core.package_identification:Package 'simple_trajectory' with type 'ros.ament_python' and name 'simple_trajectory'
[2.882s] Level 1:colcon.colcon_core.package_discovery:discover_packages(recursive) using defaults
[2.883s] Level 1:colcon.colcon_core.package_discovery:discover_packages(ignore) discover
[2.883s] Level 1:colcon.colcon_core.package_discovery:discover_packages(ignore) using defaults
[2.883s] Level 1:colcon.colcon_core.package_discovery:discover_packages(path) discover
[2.883s] Level 1:colcon.colcon_core.package_discovery:discover_packages(path) using defaults
[2.884s] WARNING:colcon.colcon_core.package_selection:ignoring unknown package 'base_motor_control/' in --packages-select
[3.009s] INFO:colcon.colcon_core.package_selection:Skipping not selected package 'base_motor_control' in 'base_motor_control'
[3.009s] INFO:colcon.colcon_core.package_selection:Skipping not selected package 'simple_trajectory' in 'simple_trajectory'
[3.013s] Level 1:colcon.colcon_core.package_discovery:discover_packages(prefix_path) check parameters
[3.013s] Level 1:colcon.colcon_core.package_discovery:discover_packages(prefix_path) discover
[3.030s] DEBUG:colcon.colcon_installed_package_information.package_discovery:Found 2 installed packages in /home/robotarm/Robot-Arm-RPi/install
[3.033s] DEBUG:colcon.colcon_installed_package_information.package_discovery:Found 1 installed packages in /home/robotarm/install
[3.036s] DEBUG:colcon.colcon_installed_package_information.package_discovery:Found 3 installed packages in /home/robotarm/microros_ws/install
[3.043s] DEBUG:colcon.colcon_installed_package_information.package_discovery:Found 187 installed packages in /opt/ros/humble
[3.047s] Level 1:colcon.colcon_core.package_discovery:discover_packages(prefix_path) using defaults
[3.280s] INFO:colcon.colcon_core.executor:Executing jobs using 'parallel' executor
[3.284s] DEBUG:colcon.colcon_parallel_executor.executor.parallel:run_until_complete
[3.285s] DEBUG:colcon.colcon_parallel_executor.executor.parallel:closing loop
[3.287s] DEBUG:colcon.colcon_parallel_executor.executor.parallel:loop closed
[3.287s] DEBUG:colcon.colcon_parallel_executor.executor.parallel:run_until_complete finished with '0'
[3.287s] DEBUG:colcon.colcon_core.event_reactor:joining thread
[3.320s] INFO:colcon.colcon_core.plugin_system:Skipping extension 'colcon_notification.desktop_notification.notify_send': Could not find 'notify-send'
[3.320s] INFO:colcon.colcon_core.plugin_system:Skipping extension 'colcon_notification.desktop_notification.terminal_notifier': Not used on non-Darwin systems
[3.321s] INFO:colcon.colcon_core.plugin_system:Skipping extension 'colcon_notification.desktop_notification.win32': Not used on non-Windows systems
[3.321s] INFO:colcon.colcon_notification.desktop_notification:Sending desktop notification using 'notify2'
[3.325s] DEBUG:colcon.colcon_notification.desktop_notification.notify2:Failed to initialize notify2: org.freedesktop.DBus.Error.ServiceUnknown: The name org.freedesktop.Notifications was not provided by any .service files
[3.325s] DEBUG:colcon.colcon_core.event_reactor:joined thread
[3.342s] INFO:colcon.colcon_core.plugin_system:Skipping extension 'colcon_core.shell.bat': Not used on non-Windows systems
[3.344s] INFO:colcon.colcon_core.shell:Creating prefix script '/home/robotarm/Robot-Arm-RPi/install/local_setup.ps1'
[3.349s] INFO:colcon.colcon_core.shell:Creating prefix util module '/home/robotarm/Robot-Arm-RPi/install/_local_setup_util_ps1.py'
[3.360s] INFO:colcon.colcon_core.shell:Creating prefix chain script '/home/robotarm/Robot-Arm-RPi/install/setup.ps1'
[3.368s] INFO:colcon.colcon_core.shell:Creating prefix script '/home/robotarm/Robot-Arm-RPi/install/local_setup.sh'
[3.372s] INFO:colcon.colcon_core.shell:Creating prefix util module '/home/robotarm/Robot-Arm-RPi/install/_local_setup_util_sh.py'
[3.376s] INFO:colcon.colcon_core.shell:Creating prefix chain script '/home/robotarm/Robot-Arm-RPi/install/setup.sh'
[3.384s] INFO:colcon.colcon_core.shell:Creating prefix script '/home/robotarm/Robot-Arm-RPi/install/local_setup.bash'
[3.387s] INFO:colcon.colcon_core.shell:Creating prefix chain script '/home/robotarm/Robot-Arm-RPi/install/setup.bash'
[3.395s] INFO:colcon.colcon_core.shell:Creating prefix script '/home/robotarm/Robot-Arm-RPi/install/local_setup.zsh'
[3.399s] INFO:colcon.colcon_core.shell:Creating prefix chain script '/home/robotarm/Robot-Arm-RPi/install/setup.zsh'
