running egg_info
creating ../build/simple_trajectory/simple_trajectory.egg-info
writing ../build/simple_trajectory/simple_trajectory.egg-info/PKG-INFO
writing dependency_links to ../build/simple_trajectory/simple_trajectory.egg-info/dependency_links.txt
writing entry points to ../build/simple_trajectory/simple_trajectory.egg-info/entry_points.txt
writing requirements to ../build/simple_trajectory/simple_trajectory.egg-info/requires.txt
writing top-level names to ../build/simple_trajectory/simple_trajectory.egg-info/top_level.txt
writing manifest file '../build/simple_trajectory/simple_trajectory.egg-info/SOURCES.txt'
reading manifest file '../build/simple_trajectory/simple_trajectory.egg-info/SOURCES.txt'
writing manifest file '../build/simple_trajectory/simple_trajectory.egg-info/SOURCES.txt'
running build
running build_py
creating /home/robotarm/Robot-Arm-RPi/build/simple_trajectory/build
creating /home/robotarm/Robot-Arm-RPi/build/simple_trajectory/build/lib
creating /home/robotarm/Robot-Arm-RPi/build/simple_trajectory/build/lib/simple_trajectory
copying simple_trajectory/__init__.py -> /home/robotarm/Robot-Arm-RPi/build/simple_trajectory/build/lib/simple_trajectory
copying simple_trajectory/main.py -> /home/robotarm/Robot-Arm-RPi/build/simple_trajectory/build/lib/simple_trajectory
running install
running install_lib
creating /home/robotarm/Robot-Arm-RPi/install/simple_trajectory/lib/python3.10/site-packages/simple_trajectory
copying /home/robotarm/Robot-Arm-RPi/build/simple_trajectory/build/lib/simple_trajectory/__init__.py -> /home/robotarm/Robot-Arm-RPi/install/simple_trajectory/lib/python3.10/site-packages/simple_trajectory
copying /home/robotarm/Robot-Arm-RPi/build/simple_trajectory/build/lib/simple_trajectory/main.py -> /home/robotarm/Robot-Arm-RPi/install/simple_trajectory/lib/python3.10/site-packages/simple_trajectory
byte-compiling /home/robotarm/Robot-Arm-RPi/install/simple_trajectory/lib/python3.10/site-packages/simple_trajectory/__init__.py to __init__.cpython-310.pyc
byte-compiling /home/robotarm/Robot-Arm-RPi/install/simple_trajectory/lib/python3.10/site-packages/simple_trajectory/main.py to main.cpython-310.pyc
running install_data
creating /home/robotarm/Robot-Arm-RPi/install/simple_trajectory/share/ament_index
creating /home/robotarm/Robot-Arm-RPi/install/simple_trajectory/share/ament_index/resource_index
creating /home/robotarm/Robot-Arm-RPi/install/simple_trajectory/share/ament_index/resource_index/packages
copying resource/simple_trajectory -> /home/robotarm/Robot-Arm-RPi/install/simple_trajectory/share/ament_index/resource_index/packages
copying package.xml -> /home/robotarm/Robot-Arm-RPi/install/simple_trajectory/share/simple_trajectory
running install_egg_info
Copying ../build/simple_trajectory/simple_trajectory.egg-info to /home/robotarm/Robot-Arm-RPi/install/simple_trajectory/lib/python3.10/site-packages/simple_trajectory-0.0.0-py3.10.egg-info
running install_scripts
Installing send_traj script to /home/robotarm/Robot-Arm-RPi/install/simple_trajectory/lib/simple_trajectory
writing list of installed files to '/home/robotarm/Robot-Arm-RPi/build/simple_trajectory/install.log'
