[4.007s] Invoking command in '/home/robotarm/Robot-Arm-RPi/simple_trajectory': PYTHONPATH=/home/robotarm/Robot-Arm-RPi/build/simple_trajectory/prefix_override:/usr/lib/python3/dist-packages/colcon_core/task/python/colcon_distutils_commands:/home/robotarm/Robot-Arm-RPi/install/simple_trajectory/lib/python3.10/site-packages:${PYTHONPATH} /usr/bin/python3 -W ignore:setup.py install is deprecated -W ignore:easy_install command is deprecated setup.py egg_info --egg-base ../build/simple_trajectory build --build-base /home/robotarm/Robot-Arm-RPi/build/simple_trajectory/build install --record /home/robotarm/Robot-Arm-RPi/build/simple_trajectory/install.log --single-version-externally-managed install_data
[5.411s] running egg_info
[5.413s] creating ../build/simple_trajectory/simple_trajectory.egg-info
[5.414s] writing ../build/simple_trajectory/simple_trajectory.egg-info/PKG-INFO
[5.415s] writing dependency_links to ../build/simple_trajectory/simple_trajectory.egg-info/dependency_links.txt
[5.416s] writing entry points to ../build/simple_trajectory/simple_trajectory.egg-info/entry_points.txt
[5.417s] writing requirements to ../build/simple_trajectory/simple_trajectory.egg-info/requires.txt
[5.417s] writing top-level names to ../build/simple_trajectory/simple_trajectory.egg-info/top_level.txt
[5.418s] writing manifest file '../build/simple_trajectory/simple_trajectory.egg-info/SOURCES.txt'
[5.424s] reading manifest file '../build/simple_trajectory/simple_trajectory.egg-info/SOURCES.txt'
[5.428s] writing manifest file '../build/simple_trajectory/simple_trajectory.egg-info/SOURCES.txt'
[5.428s] running build
[5.429s] running build_py
[5.429s] creating /home/robotarm/Robot-Arm-RPi/build/simple_trajectory/build
[5.430s] creating /home/robotarm/Robot-Arm-RPi/build/simple_trajectory/build/lib
[5.430s] creating /home/robotarm/Robot-Arm-RPi/build/simple_trajectory/build/lib/simple_trajectory
[5.431s] copying simple_trajectory/__init__.py -> /home/robotarm/Robot-Arm-RPi/build/simple_trajectory/build/lib/simple_trajectory
[5.431s] copying simple_trajectory/main.py -> /home/robotarm/Robot-Arm-RPi/build/simple_trajectory/build/lib/simple_trajectory
[5.432s] running install
[5.434s] running install_lib
[5.436s] creating /home/robotarm/Robot-Arm-RPi/install/simple_trajectory/lib/python3.10/site-packages/simple_trajectory
[5.437s] copying /home/robotarm/Robot-Arm-RPi/build/simple_trajectory/build/lib/simple_trajectory/__init__.py -> /home/robotarm/Robot-Arm-RPi/install/simple_trajectory/lib/python3.10/site-packages/simple_trajectory
[5.438s] copying /home/robotarm/Robot-Arm-RPi/build/simple_trajectory/build/lib/simple_trajectory/main.py -> /home/robotarm/Robot-Arm-RPi/install/simple_trajectory/lib/python3.10/site-packages/simple_trajectory
[5.440s] byte-compiling /home/robotarm/Robot-Arm-RPi/install/simple_trajectory/lib/python3.10/site-packages/simple_trajectory/__init__.py to __init__.cpython-310.pyc
[5.442s] byte-compiling /home/robotarm/Robot-Arm-RPi/install/simple_trajectory/lib/python3.10/site-packages/simple_trajectory/main.py to main.cpython-310.pyc
[5.444s] running install_data
[5.445s] creating /home/robotarm/Robot-Arm-RPi/install/simple_trajectory/share/ament_index
[5.445s] creating /home/robotarm/Robot-Arm-RPi/install/simple_trajectory/share/ament_index/resource_index
[5.445s] creating /home/robotarm/Robot-Arm-RPi/install/simple_trajectory/share/ament_index/resource_index/packages
[5.446s] copying resource/simple_trajectory -> /home/robotarm/Robot-Arm-RPi/install/simple_trajectory/share/ament_index/resource_index/packages
[5.446s] copying package.xml -> /home/robotarm/Robot-Arm-RPi/install/simple_trajectory/share/simple_trajectory
[5.447s] running install_egg_info
[5.454s] Copying ../build/simple_trajectory/simple_trajectory.egg-info to /home/robotarm/Robot-Arm-RPi/install/simple_trajectory/lib/python3.10/site-packages/simple_trajectory-0.0.0-py3.10.egg-info
[5.460s] running install_scripts
[5.540s] Installing send_traj script to /home/robotarm/Robot-Arm-RPi/install/simple_trajectory/lib/simple_trajectory
[5.542s] writing list of installed files to '/home/robotarm/Robot-Arm-RPi/build/simple_trajectory/install.log'
[5.671s] Invoked command in '/home/robotarm/Robot-Arm-RPi/simple_trajectory' returned '0': PYTHONPATH=/home/robotarm/Robot-Arm-RPi/build/simple_trajectory/prefix_override:/usr/lib/python3/dist-packages/colcon_core/task/python/colcon_distutils_commands:/home/robotarm/Robot-Arm-RPi/install/simple_trajectory/lib/python3.10/site-packages:${PYTHONPATH} /usr/bin/python3 -W ignore:setup.py install is deprecated -W ignore:easy_install command is deprecated setup.py egg_info --egg-base ../build/simple_trajectory build --build-base /home/robotarm/Robot-Arm-RPi/build/simple_trajectory/build install --record /home/robotarm/Robot-Arm-RPi/build/simple_trajectory/install.log --single-version-externally-managed install_data
